Component: ARM Compiler 5.06 update 2 (build 183) Tool: armlink [4d35b7]

==============================================================================

Section Cross References

    main.o(i.CLOSE_task) refers to tasks.o(i.vTaskSuspend) for vTaskSuspend
    main.o(i.CLOSE_task) refers to tasks.o(i.vTaskDelete) for vTaskDelete
    main.o(i.CLOSE_task) refers to main.o(.data) for .data
    main.o(i.DHT11_task) refers to dht11.o(i.DTH11_PIN_Init) for DTH11_PIN_Init
    main.o(i.DHT11_task) refers to tasks.o(i.xTaskGetTickCount) for xTaskGetTickCount
    main.o(i.DHT11_task) refers to queue.o(i.xQueueGenericReceive) for xQueueGenericReceive
    main.o(i.DHT11_task) refers to dht11.o(i.DHT11_OPEN) for DHT11_OPEN
    main.o(i.DHT11_task) refers to queue.o(i.xQueueGenericSend) for xQueueGenericSend
    main.o(i.DHT11_task) refers to tasks.o(i.vTaskDelay) for vTaskDelay
    main.o(i.DHT11_task) refers to main.o(.data) for .data
    main.o(i.HCSR04_task) refers to _printf_percent.o(.ARM.Collect$$_printf_percent$$00000000) for _printf_percent
    main.o(i.HCSR04_task) refers to _printf_f.o(.ARM.Collect$$_printf_percent$$00000003) for _printf_f
    main.o(i.HCSR04_task) refers to printf1.o(x$fpl$printf1) for _printf_fp_dec
    main.o(i.HCSR04_task) refers to queue.o(i.xQueueGenericReceive) for xQueueGenericReceive
    main.o(i.HCSR04_task) refers to hc-sr04.o(i.HCSR04_OPEN) for HCSR04_OPEN
    main.o(i.HCSR04_task) refers to rt_memclr_w.o(.text) for __aeabi_memclr4
    main.o(i.HCSR04_task) refers to f2d.o(x$fpl$f2d) for __aeabi_f2d
    main.o(i.HCSR04_task) refers to noretval__2sprintf.o(.text) for __2sprintf
    main.o(i.HCSR04_task) refers to wifi2.o(i.UART3_Send_Str) for UART3_Send_Str
    main.o(i.HCSR04_task) refers to queue.o(i.xQueueGenericSend) for xQueueGenericSend
    main.o(i.HCSR04_task) refers to tasks.o(i.vTaskDelay) for vTaskDelay
    main.o(i.HCSR04_task) refers to main.o(.data) for .data
    main.o(i.HCSR501_task) refers to hc_sr501.o(i.HC_SR501_OPEN) for HC_SR501_OPEN
    main.o(i.HCSR501_task) refers to tasks.o(i.vTaskDelay) for vTaskDelay
    main.o(i.LSENS_task) refers to lsens.o(i.Lsens_OPEN) for Lsens_OPEN
    main.o(i.LSENS_task) refers to tasks.o(i.vTaskDelay) for vTaskDelay
    main.o(i.USART3_IRQHandler) refers to _printf_percent.o(.ARM.Collect$$_printf_percent$$00000000) for _printf_percent
    main.o(i.USART3_IRQHandler) refers to _printf_s.o(.ARM.Collect$$_printf_percent$$00000014) for _printf_s
    main.o(i.USART3_IRQHandler) refers to _printf_str.o(.text) for _printf_str
    main.o(i.USART3_IRQHandler) refers to stm32f4xx_usart.o(i.USART_GetITStatus) for USART_GetITStatus
    main.o(i.USART3_IRQHandler) refers to strstr.o(.text) for strstr
    main.o(i.USART3_IRQHandler) refers to motor.o(i.Set_Motor) for Set_Motor
    main.o(i.USART3_IRQHandler) refers to tasks.o(i.vTaskSuspend) for vTaskSuspend
    main.o(i.USART3_IRQHandler) refers to tasks.o(i.vTaskResume) for vTaskResume
    main.o(i.USART3_IRQHandler) refers to noretval__2printf.o(.text) for __2printf
    main.o(i.USART3_IRQHandler) refers to main.o(.bss) for .bss
    main.o(i.USART3_IRQHandler) refers to main.o(.data) for .data
    main.o(i.YL_task) refers to _printf_percent.o(.ARM.Collect$$_printf_percent$$00000000) for _printf_percent
    main.o(i.YL_task) refers to _printf_f.o(.ARM.Collect$$_printf_percent$$00000003) for _printf_f
    main.o(i.YL_task) refers to printf1.o(x$fpl$printf1) for _printf_fp_dec
    main.o(i.YL_task) refers to yl.o(i.YL_OPEN) for YL_OPEN
    main.o(i.YL_task) refers to rt_memclr_w.o(.text) for __aeabi_memclr4
    main.o(i.YL_task) refers to dflt_clz.o(x$fpl$dfltu) for __aeabi_ui2d
    main.o(i.YL_task) refers to noretval__2sprintf.o(.text) for __2sprintf
    main.o(i.YL_task) refers to wifi2.o(i.UART3_Send_Str) for UART3_Send_Str
    main.o(i.YL_task) refers to tasks.o(i.vTaskDelay) for vTaskDelay
    main.o(i.main) refers to misc.o(i.NVIC_PriorityGroupConfig) for NVIC_PriorityGroupConfig
    main.o(i.main) refers to delay.o(i.delay_init) for delay_init
    main.o(i.main) refers to usart.o(i.uart_init) for uart_init
    main.o(i.main) refers to usart.o(i.usart3_init) for usart3_init
    main.o(i.main) refers to led.o(i.LED_Init) for LED_Init
    main.o(i.main) refers to motor.o(i.TIM14_PWM_Init) for TIM14_PWM_Init
    main.o(i.main) refers to stm32f4xx_tim.o(i.TIM_SetCompare1) for TIM_SetCompare1
    main.o(i.main) refers to rgb.o(i.GPIO_Configuration) for GPIO_Configuration
    main.o(i.main) refers to rgb.o(i.TIM4_Configuration) for TIM4_Configuration
    main.o(i.main) refers to rgb.o(i.PWM_Configuration) for PWM_Configuration
    main.o(i.main) refers to wifi2.o(i.ESP8266_HTTP_Init) for ESP8266_HTTP_Init
    main.o(i.main) refers to tasks.o(i.xTaskCreate) for xTaskCreate
    main.o(i.main) refers to tasks.o(i.vTaskStartScheduler) for vTaskStartScheduler
    main.o(i.main) refers to main.o(.data) for .data
    main.o(i.main) refers to main.o(i.start_task) for start_task
[...]
    x$fpl$d2f                                0x080053e0   Section       98  d2f.o(x$fpl$d2f)
    $v0                                      0x080053e0   Number         0  d2f.o(x$fpl$d2f)
    x$fpl$dadd                               0x08005444   Section      336  daddsub_clz.o(x$fpl$dadd)
    $v0                                      0x08005444   Number         0  daddsub_clz.o(x$fpl$dadd)
    _dadd1                                   0x08005455   Thumb Code     0  daddsub_clz.o(x$fpl$dadd)
    x$fpl$ddiv                               0x08005594   Section      688  ddiv.o(x$fpl$ddiv)
    $v0                                      0x08005594   Number         0  ddiv.o(x$fpl$ddiv)
    ddiv_entry                               0x0800559b   Thumb Code     0  ddiv.o(x$fpl$ddiv)
    x$fpl$dfltu                              0x08005844   Section       38  dflt_clz.o(x$fpl$dfltu)
    $v0                                      0x08005844   Number         0  dflt_clz.o(x$fpl$dfltu)
    x$fpl$dnaninf                            0x0800586a   Section      156  dnaninf.o(x$fpl$dnaninf)
    $v0                                      0x0800586a   Number         0  dnaninf.o(x$fpl$dnaninf)
    x$fpl$dretinf                            0x08005906   Section       12  dretinf.o(x$fpl$dretinf)
    $v0                                      0x08005906   Number         0  dretinf.o(x$fpl$dretinf)
    x$fpl$dsub                               0x08005914   Section      468  daddsub_clz.o(x$fpl$dsub)
    $v0                                      0x08005914   Number         0  daddsub_clz.o(x$fpl$dsub)
    _dsub1                                   0x08005925   Thumb Code     0  daddsub_clz.o(x$fpl$dsub)
    x$fpl$f2d                                0x08005ae8   Section       86  f2d.o(x$fpl$f2d)
    $v0                                      0x08005ae8   Number         0  f2d.o(x$fpl$f2d)
    x$fpl$fnaninf                            0x08005b3e   Section      140  fnaninf.o(x$fpl$fnaninf)
    $v0                                      0x08005b3e   Number         0  fnaninf.o(x$fpl$fnaninf)
    x$fpl$fpinit                             0x08005bca   Section       10  fpinit.o(x$fpl$fpinit)
    $v0                                      0x08005bca   Number         0  fpinit.o(x$fpl$fpinit)
    x$fpl$fretinf                            0x08005bd4   Section       10  fretinf.o(x$fpl$fretinf)
    $v0                                      0x08005bd4   Number         0  fretinf.o(x$fpl$fretinf)
    x$fpl$printf1                            0x08005bde   Section        4  printf1.o(x$fpl$printf1)
    $v0                                      0x08005bde   Number         0  printf1.o(x$fpl$printf1)
    x$fpl$usenofp                            0x08005be2   Section        0  usenofp.o(x$fpl$usenofp)
    .constdata                               0x08005be4   Section      148  bigflt0.o(.constdata)
    tenpwrs_x                                0x08005be4   Data          60  bigflt0.o(.constdata)
    tenpwrs_i                                0x08005c20   Data          64  bigflt0.o(.constdata)
    locale$$data                             0x08005c98   Section       28  lc_numeric_c.o(locale$$data)
    __lcnum_c_name                           0x08005c9c   Data           2  lc_numeric_c.o(locale$$data)
    __lcnum_c_start                          0x08005ca4   Data           0  lc_numeric_c.o(locale$$data)
    __lcnum_c_point                          0x08005cb0   Data           0  lc_numeric_c.o(locale$$data)
    __lcnum_c_thousands                      0x08005cb2   Data           0  lc_numeric_c.o(locale$$data)
    __lcnum_c_grouping                       0x08005cb3   Data           0  lc_numeric_c.o(locale$$data)
    __lcnum_c_end                            0x08005cb4   Data           0  lc_numeric_c.o(locale$$data)
    .data                                    0x20000000   Section       52  main.o(.data)
    len                                      0x20000002   Data           2  main.o(.data)
    .data                                    0x20000034   Section       20  system_stm32f4xx.o(.data)
    .data                                    0x20000048   Section       12  yl.o(.data)
    .data                                    0x20000054   Section        4  nvic.o(.data)
    len                                      0x20000056   Data           2  nvic.o(.data)
    .data                                    0x20000058   Section        1  hc-sr04.o(.data)
    .data                                    0x2000005a   Section        4  delay.o(.data)
    fac_us                                   0x2000005a   Data           1  delay.o(.data)
    fac_ms                                   0x2000005c   Data           2  delay.o(.data)
    .data                                    0x20000060   Section        4  usart.o(.data)
    .data                                    0x20000064   Section       16  stm32f4xx_rcc.o(.data)
    APBAHBPrescTable                         0x20000064   Data          16  stm32f4xx_rcc.o(.data)
    .data                                    0x20000074   Section       60  tasks.o(.data)
    uxDeletedTasksWaitingCleanUp             0x20000078   Data           4  tasks.o(.data)
    uxCurrentNumberOfTasks                   0x2000007c   Data           4  tasks.o(.data)
    xTickCount                               0x20000080   Data           4  tasks.o(.data)
    uxTopReadyPriority                       0x20000084   Data           4  tasks.o(.data)
    xSchedulerRunning                        0x20000088   Data           4  tasks.o(.data)
    uxPendedTicks                            0x2000008c   Data           4  tasks.o(.data)
    xYieldPending                            0x20000090   Data           4  tasks.o(.data)
    xNumOfOverflows                          0x20000094   Data           4  tasks.o(.data)
    uxTaskNumber                             0x20000098   Data           4  tasks.o(.data)
    xNextTaskUnblockTime                     0x2000009c   Data           4  tasks.o(.data)
    xIdleTaskHandle                          0x200000a0   Data           4  tasks.o(.data)
    uxSchedulerSuspended                     0x200000a4   Data           4  tasks.o(.data)
    pxDelayedTaskList                        0x200000a8   Data           4  tasks.o(.data)
    pxOverflowDelayedTaskList                0x200000ac   Data           4  tasks.o(.data)
    .data                                    0x200000b0   Section       20  timers.o(.data)
    xTimerQueue                              0x200000b0   Data           4  timers.o(.data)
    xTimerTaskHandle                         0x200000b4   Data           4  timers.o(.data)
    xLastTime                                0x200000b8   Data           4  timers.o(.data)
    pxCurrentTimerList                       0x200000bc   Data           4  timers.o(.data)
    pxOverflowTimerList                      0x200000c0   Data           4  timers.o(.data)
    .data                                    0x200000c4   Section       12  port.o(.data)
    ucMaxSysCallPriority                     0x200000c4   Data           1  port.o(.data)
    uxCriticalNesting                        0x200000c8   Data           4  port.o(.data)
    ulMaxPRIGROUPValue                       0x200000cc   Data           4  port.o(.data)
    .data                                    0x200000d0   Section       24  heap_4.o(.data)
    pxEnd                                    0x200000d0   Data           4  heap_4.o(.data)
    xFreeBytesRemaining                      0x200000d4   Data           4  heap_4.o(.data)
    xMinimumEverFreeBytesRemaining           0x200000d8   Data           4  heap_4.o(.data)
    xBlockAllocatedBit                       0x200000dc   Data           4  heap_4.o(.data)
    xStart                                   0x200000e0   Data           8  heap_4.o(.data)
    .bss                                     0x200000e8   Section      200  main.o(.bss)
    .bss                                     0x200001b0   Section     1024  nvic.o(.bss)
    .bss                                     0x200005b0   Section       64  queue.o(.bss)
    .bss                                     0x200005f0   Section      740  tasks.o(.bss)
    pxReadyTasksLists                        0x200005f0   Data         640  tasks.o(.bss)
    xDelayedTaskList1                        0x20000870   Data          20  tasks.o(.bss)
    xDelayedTaskList2                        0x20000884   Data          20  tasks.o(.bss)
    xPendingReadyList                        0x20000898   Data          20  tasks.o(.bss)
    xTasksWaitingTermination                 0x200008ac   Data          20  tasks.o(.bss)
    xSuspendedTaskList                       0x200008c0   Data          20  tasks.o(.bss)
    .bss                                     0x200008d4   Section       40  timers.o(.bss)
    xActiveTimerList1                        0x200008d4   Data          20  timers.o(.bss)
    xActiveTimerList2                        0x200008e8   Data          20  timers.o(.bss)
    .bss                                     0x200008fc   Section    20480  heap_4.o(.bss)
    ucHeap                                   0x200008fc   Data       20480  heap_4.o(.bss)
    .bss                                     0x200058fc   Section       96  libspace.o(.bss)
    HEAP                                     0x20005960   Section      512  startup_stm32f40_41xxx.o(HEAP)
    Heap_Mem                                 0x20005960   Data         512  startup_stm32f40_41xxx.o(HEAP)
    STACK                                    0x20005b60   Section     1024  startup_stm32f40_41xxx.o(STACK)
    Stack_Mem                                0x20005b60   Data        1024  startup_stm32f40_41xxx.o(STACK)
    __initial_sp                             0x20005f60   Data           0  startup_stm32f40_41xxx.o(STACK)

    Global Symbols

    Symbol Name                              Value     Ov Type        Size  Object(Section)

    BuildAttributes$$THM_ISAv4$E$P$D$K$B$S$7EM$VFPi3$EXTD16$VFPS$VFMA$PE$A:L22UL41UL21$X:L11$S22US41US21$IEEE1$IW$USESV6$~STKCKD$USESV7$~SHL$OTIME$ROPI$IEEEJ$EBA8$UX$STANDARDLIB$REQ8$PRES8$EABIv2 0x00000000   Number         0  anon$$obj.o ABSOLUTE
    __ARM_use_no_argv                        0x00000000   Number         0  main.o ABSOLUTE
    _printf_flags                            0x00000000   Number         0  printf_stubs.o ABSOLUTE
    _printf_return_value                     0x00000000   Number         0  printf_stubs.o ABSOLUTE
    _printf_sizespec                         0x00000000   Number         0  printf_stubs.o ABSOLUTE
    _printf_widthprec                        0x00000000   Number         0  printf_stubs.o ABSOLUTE
    __ARM_exceptions_init                     - Undefined Weak Reference
    __alloca_initialize                       - Undefined Weak Reference
    __arm_preinit_                            - Undefined Weak Reference
    __cpp_initialize__aeabi_                  - Undefined Weak Reference
    __cxa_finalize                            - Undefined Weak Reference
    __sigvec_lookup                           - Undefined Weak Reference
    _atexit_init                              - Undefined Weak Reference
    _call_atexit_fns                          - Undefined Weak Reference
    _clock_init                               - Undefined Weak Reference
    _fp_trap_init                             - Undefined Weak Reference
    _fp_trap_shutdown                         - Undefined Weak Reference
    _get_lc_collate                           - Undefined Weak Reference
    _get_lc_ctype                             - Undefined Weak Reference
    _get_lc_monetary                          - Undefined Weak Reference
    _get_lc_time                              - Undefined Weak Reference
    _getenv_init                              - Undefined Weak Reference
    _handle_redirection                       - Undefined Weak Reference
    _init_alloc                               - Undefined Weak Reference
    _init_user_alloc                          - Undefined Weak Reference
    _initio                                   - Undefined Weak Reference
    _mutex_acquire                            - Undefined Weak Reference
    _mutex_release                            - Undefined Weak Reference
    _printf_mbtowc                            - Undefined Weak Reference
    _printf_post_padding                      - Undefined Weak Reference
    _printf_pre_padding                       - Undefined Weak Reference
    _printf_truncate_signed                   - Undefined Weak Reference
    _printf_truncate_unsigned                 - Undefined Weak Reference
    _rand_init                                - Undefined Weak Reference
    _signal_finish                            - Undefined Weak Reference
    _signal_init                              - Undefined Weak Reference
    _terminate_alloc                          - Undefined Weak Reference
    _terminate_user_alloc                     - Undefined Weak Reference
    _terminateio                              - Undefined Weak Reference
    __Vectors_Size                           0x00000188   Number         0  startup_stm32f40_41xxx.o ABSOLUTE
    __Vectors                                0x08000000   Data           4  startup_stm32f40_41xxx.o(RESET)
    __Vectors_End                            0x08000188   Data           0  startup_stm32f40_41xxx.o(RESET)
    __main                                   0x08000189   Thumb Code     8  __main.o(!!!main)
    __scatterload                            0x08000191   Thumb Code     0  __scatter.o(!!!scatter)
    __scatterload_rt2                        0x08000191   Thumb Code    44  __scatter.o(!!!scatter)
    __scatterload_rt2_thumb_only             0x08000191   Thumb Code     0  __scatter.o(!!!scatter)
    __scatterload_null                       0x0800019f   Thumb Code     0  __scatter.o(!!!scatter)
    __scatterload_copy                       0x080001c5   Thumb Code    26  __scatter_copy.o(!!handler_copy)
    __scatterload_zeroinit                   0x080001e1   Thumb Code    28  __scatter_zi.o(!!handler_zi)
    _printf_f                                0x080001fd   Thumb Code     0  _printf_f.o(.ARM.Collect$$_printf_percent$$00000003)
    _printf_percent                          0x080001fd   Thumb Code     0  _printf_percent.o(.ARM.Collect$$_printf_percent$$00000000)
    _printf_d                                0x08000203   Thumb Code     0  _printf_d.o(.ARM.Collect$$_printf_percent$$00000009)
    _printf_s                                0x08000209   Thumb Code     0  _printf_s.o(.ARM.Collect$$_printf_percent$$00000014)
    _printf_percent_end                      0x0800020f   Thumb Code     0  _printf_percent_end.o(.ARM.Collect$$_printf_percent$$00000017)
    __rt_lib_init                            0x08000213   Thumb Code     0  libinit.o(.ARM.Collect$$libinit$$00000000)
    __rt_lib_init_fp_1                       0x08000215   Thumb Code     0  libinit2.o(.ARM.Collect$$libinit$$00000001)
    __rt_lib_init_heap_1                     0x08000219   Thumb Code     0  libinit2.o(.ARM.Collect$$libinit$$0000000A)
    __rt_lib_init_lc_common                  0x08000219   Thumb Code     0  libinit2.o(.ARM.Collect$$libinit$$0000000F)
    __rt_lib_init_preinit_1                  0x08000219   Thumb Code     0  libinit2.o(.ARM.Collect$$libinit$$00000004)
    __rt_lib_init_rand_1                     0x08000219   Thumb Code     0  libinit2.o(.ARM.Collect$$libinit$$0000000E)
    __rt_lib_init_user_alloc_1               0x08000219   Thumb Code     0  libinit2.o(.ARM.Collect$$libinit$$0000000C)
    __rt_lib_init_lc_collate_1               0x0800021f   Thumb Code     0  libinit2.o(.ARM.Collect$$libinit$$00000011)
    __rt_lib_init_lc_ctype_1                 0x0800021f   Thumb Code     0  libinit2.o(.ARM.Collect$$libinit$$00000013)
    __rt_lib_init_lc_monetary_1              0x0800021f   Thumb Code     0  libinit2.o(.ARM.Collect$$libinit$$00000015)
    __rt_lib_init_lc_numeric_2               0x0800021f   Thumb Code     0  libinit2.o(.ARM.Collect$$libinit$$00000016)
    __rt_lib_init_alloca_1                   0x08000229   Thumb Code     0  libinit2.o(.ARM.Collect$$libinit$$0000002E)
    __rt_lib_init_argv_1                     0x08000229   Thumb Code     0  libinit2.o(.ARM.Collect$$libinit$$0000002C)
    __rt_lib_init_atexit_1                   0x08000229   Thumb Code     0  libinit2.o(.ARM.Collect$$libinit$$0000001B)
    __rt_lib_init_clock_1                    0x08000229   Thumb Code     0  libinit2.o(.ARM.Collect$$libinit$$00000021)
    __rt_lib_init_cpp_1                      0x08000229   Thumb Code     0  libinit2.o(.ARM.Collect$$libinit$$00000032)
    __rt_lib_init_exceptions_1               0x08000229   Thumb Code     0  libinit2.o(.ARM.Collect$$libinit$$00000030)
    __rt_lib_init_fp_trap_1                  0x08000229   Thumb Code     0  libinit2.o(.ARM.Collect$$libinit$$0000001F)
    __rt_lib_init_getenv_1                   0x08000229   Thumb Code     0  libinit2.o(.ARM.Collect$$libinit$$00000023)
    __rt_lib_init_lc_numeric_1               0x08000229   Thumb Code     0  libinit2.o(.ARM.Collect$$libinit$$00000017)
    __rt_lib_init_lc_time_1                  0x08000229   Thumb Code     0  libinit2.o(.ARM.Collect$$libinit$$00000019)
    __rt_lib_init_return                     0x08000229   Thumb Code     0  libinit2.o(.ARM.Collect$$libinit$$00000033)
    __rt_lib_init_signal_1                   0x08000229   Thumb Code     0  libinit2.o(.ARM.Collect$$libinit$$0000001D)
    __rt_lib_init_stdio_1                    0x08000229   Thumb Code     0  libinit2.o(.ARM.Collect$$libinit$$00000025)
    __rt_lib_shutdown                        0x0800022b   Thumb Code     0  libshutdown.o(.ARM.Collect$$libshutdown$$00000000)
    __rt_lib_shutdown_cpp_1                  0x0800022d   Thumb Code     0  libshutdown2.o(.ARM.Collect$$libshutdown$$00000002)
    __rt_lib_shutdown_fp_trap_1              0x0800022d   Thumb Code     0  libshutdown2.o(.ARM.Collect$$libshutdown$$00000007)
    __rt_lib_shutdown_heap_1                 0x0800022d   Thumb Code     0  libshutdown2.o(.ARM.Collect$$libshutdown$$0000000F)
    __rt_lib_shutdown_return                 0x0800022d   Thumb Code     0  libshutdown2.o(.ARM.Collect$$libshutdown$$00000010)
    __rt_lib_shutdown_signal_1               0x0800022d   Thumb Code     0  libshutdown2.o(.ARM.Collect$$libshutdown$$0000000A)
    __rt_lib_shutdown_stdio_1                0x0800022d   Thumb Code     0  libshutdown2.o(.ARM.Collect$$libshutdown$$00000004)
    __rt_lib_shutdown_user_alloc_1           0x0800022d   Thumb Code     0  libshutdown2.o(.ARM.Collect$$libshutdown$$0000000C)
    __rt_entry                               0x0800022f   Thumb Code     0  __rtentry.o(.ARM.Collect$$rtentry$$00000000)
    __rt_entry_presh_1                       0x0800022f   Thumb Code     0  __rtentry2.o(.ARM.Collect$$rtentry$$00000002)
    __rt_entry_sh                            0x0800022f   Thumb Code     0  __rtentry4.o(.ARM.Collect$$rtentry$$00000004)
    __rt_entry_li                            0x08000235   Thumb Code     0  __rtentry2.o(.ARM.Collect$$rtentry$$0000000A)
    __rt_entry_postsh_1                      0x08000235   Thumb Code     0  __rtentry2.o(.ARM.Collect$$rtentry$$00000009)
    __rt_entry_main                          0x08000239   Thumb Code     0  __rtentry2.o(.ARM.Collect$$rtentry$$0000000D)
    __rt_entry_postli_1                      0x08000239   Thumb Code     0  __rtentry2.o(.ARM.Collect$$rtentry$$0000000C)
    __rt_exit                                0x08000241   Thumb Code     0  rtexit.o(.ARM.Collect$$rtexit$$00000000)
    __rt_exit_ls                             0x08000243   Thumb Code     0  rtexit2.o(.ARM.Collect$$rtexit$$00000003)
    __rt_exit_prels_1                        0x08000243   Thumb Code     0  rtexit2.o(.ARM.Collect$$rtexit$$00000002)
    __rt_exit_exit                           0x08000247   Thumb Code     0  rtexit2.o(.ARM.Collect$$rtexit$$00000004)
    SVC_Handler                              0x0800024d   Thumb Code    28  port.o(.emb_text)
    __asm___6_port_c_39a90d8d__prvStartFirstTask 0x0800026d   Thumb Code    28  port.o(.emb_text)
    __asm___6_port_c_39a90d8d__prvEnableVFP  0x0800028d   Thumb Code    16  port.o(.emb_text)
    PendSV_Handler                           0x080002a1   Thumb Code    88  port.o(.emb_text)
    vPortGetIPSR                             0x080002fd   Thumb Code     6  port.o(.emb_text)
    Reset_Handler                            0x08000305   Thumb Code     8  startup_stm32f40_41xxx.o(.text)
    ADC_IRQHandler                           0x0800031f   Thumb Code     0  startup_stm32f40_41xxx.o(.text)
    CAN1_RX0_IRQHandler                      0x0800031f   Thumb Code     0  startup_stm32f40_41xxx.o(.text)
    CAN1_RX1_IRQHandler                      0x0800031f   Thumb Code     0  startup_stm32f40_41xxx.o(.text)
    CAN1_SCE_IRQHandler                      0x0800031f   Thumb Code     0  startup_stm32f40_41xxx.o(.text)
    CAN1_TX_IRQHandler                       0x0800031f   Thumb Code     0  startup_stm32f40_41xxx.o(.text)
    CAN2_RX0_IRQHandler                      0x0800031f   Thumb Code     0  startup_stm32f40_41xxx.o(.text)
    CAN2_RX1_IRQHandler                      0x0800031f   Thumb Code     0  startup_stm32f40_41xxx.o(.text)
    CAN2_SCE_IRQHandler                      0x0800031f   Thumb Code     0  startup_stm32f40_41xxx.o(.text)
    CAN2_TX_IRQHandler                       0x0800031f   Thumb Code     0  startup_stm32f40_41xxx.o(.text)
    CRYP_IRQHandler                          0x0800031f   Thumb Code     0  startup_stm32f40_41xxx.o(.text)
    DCMI_IRQHandler                          0x0800031f   Thumb Code     0  startup_stm32f40_41xxx.o(.text)
    DMA1_Stream0_IRQHandler                  0x0800031f   Thumb Code     0  startup_stm32f40_41xxx.o(.text)
    DMA1_Stream1_IRQHandler                  0x0800031f   Thumb Code     0  startup_stm32f40_41xxx.o(.text)
    DMA1_Stream2_IRQHandler                  0x0800031f   Thumb Code     0  startup_stm32f40_41xxx.o(.text)
    DMA1_Stream3_IRQHandler                  0x0800031f   Thumb Code     0  startup_stm32f40_41xxx.o(.text)
    DMA1_Stream4_IRQHandler                  0x0800031f   Thumb Code     0  startup_stm32f40_41xxx.o(.text)
    DMA1_Stream5_IRQHandler                  0x0800031f   Thumb Code     0  startup_stm32f40_41xxx.o(.text)
    DMA1_Stream6_IRQHandler                  0x0800031f   Thumb Code     0  startup_stm32f40_41xxx.o(.text)
    DMA1_Stream7_IRQHandler                  0x0800031f   Thumb Code     0  startup_stm32f40_41xxx.o(.text)
    DMA2_Stream0_IRQHandler                  0x0800031f   Thumb Code     0  startup_stm32f40_41xxx.o(.text)
    DMA2_Stream1_IRQHandler                  0x0800031f   Thumb Code     0  startup_stm32f40_41xxx.o(.text)
    DMA2_Stream2_IRQHandler                  0x0800031f   Thumb Code     0  startup_stm32f40_41xxx.o(.text)
    DMA2_Stream3_IRQHandler                  0x0800031f   Thumb Code     0  startup_stm32f40_41xxx.o(.text)
    DMA2_Stream4_IRQHandler                  0x0800031f   Thumb Code     0  startup_stm32f40_41xxx.o(.text)
    DMA2_Stream5_IRQHandler                  0x0800031f   Thumb Code     0  startup_stm32f40_41xxx.o(.text)
    DMA2_Stream6_IRQHandler                  0x0800031f   Thumb Code     0  startup_stm32f40_41xxx.o(.text)
    DMA2_Stream7_IRQHandler                  0x0800031f   Thumb Code     0  startup_stm32f40_41xxx.o(.text)
    ETH_IRQHandler                           0x0800031f   Thumb Code     0  startup_stm32f40_41xxx.o(.text)
    ETH_WKUP_IRQHandler                      0x0800031f   Thumb Code     0  startup_stm32f40_41xxx.o(.text)
    EXTI0_IRQHandler                         0x0800031f   Thumb Code     0  startup_stm32f40_41xxx.o(.text)
    EXTI15_10_IRQHandler                     0x0800031f   Thumb Code     0  startup_stm32f40_41xxx.o(.text)
    EXTI1_IRQHandler                         0x0800031f   Thumb Code     0  startup_stm32f40_41xxx.o(.text)
    EXTI2_IRQHandler                         0x0800031f   Thumb Code     0  startup_stm32f40_41xxx.o(.text)
    EXTI3_IRQHandler                         0x0800031f   Thumb Code     0  startup_stm32f40_41xxx.o(.text)
    EXTI4_IRQHandler                         0x0800031f   Thumb Code     0  startup_stm32f40_41xxx.o(.text)
    EXTI9_5_IRQHandler                       0x0800031f   Thumb Code     0  startup_stm32f40_41xxx.o(.text)
    FLASH_IRQHandler                         0x0800031f   Thumb Code     0  startup_stm32f40_41xxx.o(.text)
    FPU_IRQHandler                           0x0800031f   Thumb Code     0  startup_stm32f40_41xxx.o(.text)
    FSMC_IRQHandler                          0x0800031f   Thumb Code     0  startup_stm32f40_41xxx.o(.text)
    HASH_RNG_IRQHandler                      0x0800031f   Thumb Code     0  startup_stm32f40_41xxx.o(.text)
    I2C1_ER_IRQHandler                       0x0800031f   Thumb Code     0  startup_stm32f40_41xxx.o(.text)
    I2C1_EV_IRQHandler                       0x0800031f   Thumb Code     0  startup_stm32f40_41xxx.o(.text)
    I2C2_ER_IRQHandler                       0x0800031f   Thumb Code     0  startup_stm32f40_41xxx.o(.text)
    I2C2_EV_IRQHandler                       0x0800031f   Thumb Code     0  startup_stm32f40_41xxx.o(.text)
    I2C3_ER_IRQHandler                       0x0800031f   Thumb Code     0  startup_stm32f40_41xxx.o(.text)
    I2C3_EV_IRQHandler                       0x0800031f   Thumb Code     0  startup_stm32f40_41xxx.o(.text)
    OTG_FS_IRQHandler                        0x0800031f   Thumb Code     0  startup_stm32f40_41xxx.o(.text)
    OTG_FS_WKUP_IRQHandler                   0x0800031f   Thumb Code     0  startup_stm32f40_41xxx.o(.text)
    OTG_HS_EP1_IN_IRQHandler                 0x0800031f   Thumb Code     0  startup_stm32f40_41xxx.o(.text)
    OTG_HS_EP1_OUT_IRQHandler                0x0800031f   Thumb Code     0  startup_stm32f40_41xxx.o(.text)
    OTG_HS_IRQHandler                        0x0800031f   Thumb Code     0  startup_stm32f40_41xxx.o(.text)
    OTG_HS_WKUP_IRQHandler                   0x0800031f   Thumb Code     0  startup_stm32f40_41xxx.o(.text)
    PVD_IRQHandler                           0x0800031f   Thumb Code     0  startup_stm32f40_41xxx.o(.text)
    RCC_IRQHandler                           0x0800031f   Thumb Code     0  startup_stm32f40_41xxx.o(.text)
    RTC_Alarm_IRQHandler                     0x0800031f   Thumb Code     0  startup_stm32f40_41xxx.o(.text)
    RTC_WKUP_IRQHandler                      0x0800031f   Thumb Code     0  startup_stm32f40_41xxx.o(.text)
    SDIO_IRQHandler                          0x0800031f   Thumb Code     0  startup_stm32f40_41xxx.o(.text)
    SPI1_IRQHandler                          0x0800031f   Thumb Code     0  startup_stm32f40_41xxx.o(.text)
    SPI2_IRQHandler                          0x0800031f   Thumb Code     0  startup_stm32f40_41xxx.o(.text)
    SPI3_IRQHandler                          0x0800031f   Thumb Code     0  startup_stm32f40_41xxx.o(.text)
    TAMP_STAMP_IRQHandler                    0x0800031f   Thumb Code     0  startup_stm32f40_41xxx.o(.text)
    TIM1_BRK_TIM9_IRQHandler                 0x0800031f   Thumb Code     0  startup_stm32f40_41xxx.o(.text)
    TIM1_CC_IRQHandler                       0x0800031f   Thumb Code     0  startup_stm32f40_41xxx.o(.text)
    TIM1_TRG_COM_TIM11_IRQHandler            0x0800031f   Thumb Code     0  startup_stm32f40_41xxx.o(.text)
    TIM1_UP_TIM10_IRQHandler                 0x0800031f   Thumb Code     0  startup_stm32f40_41xxx.o(.text)
    TIM2_IRQHandler                          0x0800031f   Thumb Code     0  startup_stm32f40_41xxx.o(.text)
    TIM4_IRQHandler                          0x0800031f   Thumb Code     0  startup_stm32f40_41xxx.o(.text)
    TIM5_IRQHandler                          0x0800031f   Thumb Code     0  startup_stm32f40_41xxx.o(.text)
    TIM6_DAC_IRQHandler                      0x0800031f   Thumb Code     0  startup_stm32f40_41xxx.o(.text)
    TIM7_IRQHandler                          0x0800031f   Thumb Code     0  startup_stm32f40_41xxx.o(.text)
    TIM8_BRK_TIM12_IRQHandler                0x0800031f   Thumb Code     0  startup_stm32f40_41xxx.o(.text)
    TIM8_CC_IRQHandler                       0x0800031f   Thumb Code     0  startup_stm32f40_41xxx.o(.text)
    TIM8_TRG_COM_TIM14_IRQHandler            0x0800031f   Thumb Code     0  startup_stm32f40_41xxx.o(.text)
    TIM8_UP_TIM13_IRQHandler                 0x0800031f   Thumb Code     0  startup_stm32f40_41xxx.o(.text)
    UART4_IRQHandler                         0x0800031f   Thumb Code     0  startup_stm32f40_41xxx.o(.text)
    UART5_IRQHandler                         0x0800031f   Thumb Code     0  startup_stm32f40_41xxx.o(.text)
    USART2_IRQHandler                        0x0800031f   Thumb Code     0  startup_stm32f40_41xxx.o(.text)
    USART6_IRQHandler                        0x0800031f   Thumb Code     0  startup_stm32f40_41xxx.o(.text)
    WWDG_IRQHandler                          0x0800031f   Thumb Code     0  startup_stm32f40_41xxx.o(.text)
    __user_initial_stackheap                 0x08000321   Thumb Code     0  startup_stm32f40_41xxx.o(.text)
    __use_no_semihosting                     0x08000345   Thumb Code     2  use_no_semi_2.o(.text)
    __2printf                                0x08000349   Thumb Code    20  noretval__2printf.o(.text)
    __2sprintf                               0x08000361   Thumb Code    34  noretval__2sprintf.o(.text)
    _printf_str                              0x08000389   Thumb Code    82  _printf_str.o(.text)
    _printf_int_dec                          0x080003dd   Thumb Code   104  _printf_dec.o(.text)
    __printf                                 0x08000455   Thumb Code   270  __printf_wp.o(.text)
    strstr                                   0x08000563   Thumb Code    36  strstr.o(.text)
    strcpy                                   0x08000587   Thumb Code    72  strcpy.o(.text)
    strcat                                   0x080005cf   Thumb Code    24  strcat.o(.text)
    __aeabi_memcpy                           0x080005e7   Thumb Code     0  rt_memcpy_v6.o(.text)
    __rt_memcpy                              0x080005e7   Thumb Code   138  rt_memcpy_v6.o(.text)
    _memcpy_lastbytes                        0x0800064d   Thumb Code     0  rt_memcpy_v6.o(.text)
    __aeabi_memset                           0x08000671   Thumb Code    16  aeabi_memset.o(.text)
    __aeabi_memclr                           0x08000681   Thumb Code     0  rt_memclr.o(.text)
    __rt_memclr                              0x08000681   Thumb Code    68  rt_memclr.o(.text)
    _memset                                  0x08000685   Thumb Code     0  rt_memclr.o(.text)
    __aeabi_memclr4                          0x080006c5   Thumb Code     0  rt_memclr_w.o(.text)
    __aeabi_memclr8                          0x080006c5   Thumb Code     0  rt_memclr_w.o(.text)
    __rt_memclr_w                            0x080006c5   Thumb Code    78  rt_memclr_w.o(.text)
    _memset_w                                0x080006c9   Thumb Code     0  rt_memclr_w.o(.text)
    __use_two_region_memory                  0x08000713   Thumb Code     2  heapauxi.o(.text)
    __rt_heap_escrow$2region                 0x08000715   Thumb Code     2  heapauxi.o(.text)
    __rt_heap_expand$2region                 0x08000717   Thumb Code     2  heapauxi.o(.text)
    __I$use$semihosting                      0x08000719   Thumb Code     0  use_no_semi.o(.text)
    __use_no_semihosting_swi                 0x08000719   Thumb Code     2  use_no_semi.o(.text)
    _printf_int_common                       0x0800071b   Thumb Code   178  _printf_intcommon.o(.text)
    __lib_sel_fp_printf                      0x080007cd   Thumb Code     2  _printf_fp_dec.o(.text)
    _printf_fp_dec_real                      0x0800097b   Thumb Code   620  _printf_fp_dec.o(.text)
    _printf_char_common                      0x08000bf3   Thumb Code    32  _printf_char_common.o(.text)
    _sputc                                   0x08000c19   Thumb Code    10  _sputc.o(.text)
    _printf_cs_common                        0x08000c23   Thumb Code    20  _printf_char.o(.text)
    _printf_char                             0x08000c37   Thumb Code    16  _printf_char.o(.text)
    _printf_string                           0x08000c47   Thumb Code     8  _printf_char.o(.text)
    _printf_char_file                        0x08000c51   Thumb Code    32  _printf_char_file.o(.text)
    __aeabi_memcpy4                          0x08000c75   Thumb Code     0  rt_memcpy_w.o(.text)
    __aeabi_memcpy8                          0x08000c75   Thumb Code     0  rt_memcpy_w.o(.text)
    __rt_memcpy_w                            0x08000c75   Thumb Code   100  rt_memcpy_w.o(.text)
    _memcpy_lastbytes_aligned                0x08000cbd   Thumb Code     0  rt_memcpy_w.o(.text)
    __rt_locale                              0x08000cd9   Thumb Code     8  rt_locale_intlibspace.o(.text)
    _ll_udiv10                               0x08000ce1   Thumb Code   138  lludiv10.o(.text)
    _printf_fp_infnan                        0x08000d6d   Thumb Code   112  _printf_fp_infnan.o(.text)
    _btod_etento                             0x08000ded   Thumb Code   216  bigflt0.o(.text)
    ferror                                   0x08000ec9   Thumb Code     8  ferror.o(.text)
    __user_libspace                          0x08000ed1   Thumb Code     8  libspace.o(.text)
    __user_perproc_libspace                  0x08000ed1   Thumb Code     0  libspace.o(.text)
    __user_perthread_libspace                0x08000ed1   Thumb Code     0  libspace.o(.text)
    __user_setup_stackheap                   0x08000ed9   Thumb Code    74  sys_stackheap_outer.o(.text)
    exit                                     0x08000f23   Thumb Code    18  exit.o(.text)
    strcmp                                   0x08000f35   Thumb Code   128  strcmpv7m.o(.text)
    _btod_d2e                                0x08000fb5   Thumb Code    62  btod.o(CL$$btod_d2e)
    _d2e_denorm_low                          0x08000ff3   Thumb Code    70  btod.o(CL$$btod_d2e_denorm_low)
    _d2e_norm_op1                            0x08001039   Thumb Code    96  btod.o(CL$$btod_d2e_norm_op1)
    __btod_div_common                        0x08001099   Thumb Code   696  btod.o(CL$$btod_div_common)
    _e2e                                     0x080013d1   Thumb Code   198  btod.o(CL$$btod_e2e)
    _btod_ediv                               0x08001497   Thumb Code    40  btod.o(CL$$btod_ediv)
    _btod_emul                               0x080014bf   Thumb Code    40  btod.o(CL$$btod_emul)
    __btod_mult_common                       0x080014e7   Thumb Code   580  btod.o(CL$$btod_mult_common)
    ADC_Cmd                                  0x0800172b   Thumb Code    20  stm32f4xx_adc.o(i.ADC_Cmd)
    ADC_CommonInit                           0x08001741   Thumb Code    34  stm32f4xx_adc.o(i.ADC_CommonInit)
    ADC_GetConversionValue                   0x0800176d   Thumb Code     6  stm32f4xx_adc.o(i.ADC_GetConversionValue)
    ADC_GetFlagStatus                        0x08001773   Thumb Code    14  stm32f4xx_adc.o(i.ADC_GetFlagStatus)
    ADC_Init                                 0x08001781   Thumb Code    66  stm32f4xx_adc.o(i.ADC_Init)
    ADC_RegularChannelConfig                 0x080017cd   Thumb Code   116  stm32f4xx_adc.o(i.ADC_RegularChannelConfig)
    ADC_SoftwareStartConv                    0x08001841   Thumb Code    10  stm32f4xx_adc.o(i.ADC_SoftwareStartConv)
    Adc3_Init                                0x0800184d   Thumb Code    92  lsens.o(i.Adc3_Init)
    BusFault_Handler                         0x080018ad   Thumb Code     2  stm32f4xx_it.o(i.BusFault_Handler)
    CLOSE_task                               0x080018b1   Thumb Code    40  main.o(i.CLOSE_task)
    Connect_Wifi_TCP                         0x080018dd   Thumb Code    92  wifi2.o(i.Connect_Wifi_TCP)
    ConvertToSoilHumidity                    0x08001985   Thumb Code    26  yl.o(i.ConvertToSoilHumidity)
    ConvertToVoltage                         0x080019a9   Thumb Code    18  yl.o(i.ConvertToVoltage)
    DHT11_OPEN                               0x080019c5   Thumb Code    26  dht11.o(i.DHT11_OPEN)
    DHT11_data                               0x080019e1   Thumb Code   252  dht11.o(i.DHT11_data)
    DHT11_recask                             0x08001b05   Thumb Code   106  dht11.o(i.DHT11_recask)
    DHT11_recdata                            0x08001b75   Thumb Code    78  dht11.o(i.DHT11_recdata)
    DHT11_start                              0x08001bc9   Thumb Code    34  dht11.o(i.DHT11_start)
    DHT11_task                               0x08001bf1   Thumb Code    54  main.o(i.DHT11_task)
    DTH11_PIN_Init                           0x08001c2d   Thumb Code    64  dht11.o(i.DTH11_PIN_Init)
    DebugMon_Handler                         0x08001c71   Thumb Code     2  stm32f4xx_it.o(i.DebugMon_Handler)
    ESP8266_Connect_Server                   0x08001c75   Thumb Code    92  wifi2.o(i.ESP8266_Connect_Server)
    ESP8266_Connect_WIFI                     0x08001d19   Thumb Code   146  wifi2.o(i.ESP8266_Connect_WIFI)
    ESP8266_HTTP_Init                        0x08001dfd   Thumb Code   138  wifi2.o(i.ESP8266_HTTP_Init)
    ESP8266_Send_ATcmd                       0x08001f31   Thumb Code    72  wifi2.o(i.ESP8266_Send_ATcmd)
    Exit_Pass_Through_Mode                   0x08001f81   Thumb Code    18  wifi2.o(i.Exit_Pass_Through_Mode)
    GPIO_Configuration                       0x08001fb5   Thumb Code    94  rgb.o(i.GPIO_Configuration)
    GPIO_Init                                0x0800201d   Thumb Code   120  stm32f4xx_gpio.o(i.GPIO_Init)
    GPIO_PinAFConfig                         0x08002095   Thumb Code    32  stm32f4xx_gpio.o(i.GPIO_PinAFConfig)
    GPIO_ReadInputDataBit                    0x080020b5   Thumb Code    14  stm32f4xx_gpio.o(i.GPIO_ReadInputDataBit)
    GPIO_ResetBits                           0x080020c3   Thumb Code     4  stm32f4xx_gpio.o(i.GPIO_ResetBits)
    GPIO_SetBits                             0x080020c7   Thumb Code     4  stm32f4xx_gpio.o(i.GPIO_SetBits)
    Get_Adc3                                 0x080020cd   Thumb Code    44  lsens.o(i.Get_Adc3)
    HCSR04_OPEN                              0x080020fd   Thumb Code   224  hc-sr04.o(i.HCSR04_OPEN)
    HCSR04_task                              0x080021f5   Thumb Code    96  main.o(i.HCSR04_task)
    HCSR501_task                             0x08002271   Thumb Code    16  main.o(i.HCSR501_task)
    HC_SR501_Init                            0x08002281   Thumb Code    46  hc_sr501.o(i.HC_SR501_Init)
    HC_SR501_OPEN                            0x080022b5   Thumb Code    72  hc_sr501.o(i.HC_SR501_OPEN)
    HardFault_Handler                        0x08002325   Thumb Code     2  stm32f4xx_it.o(i.HardFault_Handler)
    LED_Init                                 0x08002329   Thumb Code    58  led.o(i.LED_Init)
    LSENS_task                               0x08002369   Thumb Code    16  main.o(i.LSENS_task)
    Lsens_Init                               0x08002379   Thumb Code    40  lsens.o(i.Lsens_Init)
    Lsens_OPEN                               0x080023a5   Thumb Code    88  lsens.o(i.Lsens_OPEN)
    MemManage_Handler                        0x08002411   Thumb Code     2  stm32f4xx_it.o(i.MemManage_Handler)
    NMI_Handler                              0x08002413   Thumb Code     2  stm32f4xx_it.o(i.NMI_Handler)
    NVIC_Init                                0x08002415   Thumb Code    96  misc.o(i.NVIC_Init)
    NVIC_PriorityGroupConfig                 0x08002479   Thumb Code    10  misc.o(i.NVIC_PriorityGroupConfig)
    PWM_Configuration                        0x0800248d   Thumb Code    18  rgb.o(i.PWM_Configuration)
    RCC_AHB1PeriphClockCmd                   0x080024a5   Thumb Code    18  stm32f4xx_rcc.o(i.RCC_AHB1PeriphClockCmd)
    RCC_APB1PeriphClockCmd                   0x080024bd   Thumb Code    18  stm32f4xx_rcc.o(i.RCC_APB1PeriphClockCmd)
    RCC_APB1PeriphResetCmd                   0x080024d5   Thumb Code    18  stm32f4xx_rcc.o(i.RCC_APB1PeriphResetCmd)
    RCC_APB2PeriphClockCmd                   0x080024ed   Thumb Code    18  stm32f4xx_rcc.o(i.RCC_APB2PeriphClockCmd)
    RCC_APB2PeriphResetCmd                   0x08002505   Thumb Code    18  stm32f4xx_rcc.o(i.RCC_APB2PeriphResetCmd)
    RCC_GetClocksFreq                        0x0800251d   Thumb Code   132  stm32f4xx_rcc.o(i.RCC_GetClocksFreq)
    Set_Motor                                0x08002661   Thumb Code     8  motor.o(i.Set_Motor)
    SysTick_CLKSourceConfig                  0x0800266d   Thumb Code    24  misc.o(i.SysTick_CLKSourceConfig)
    SysTick_Handler                          0x08002685   Thumb Code    20  delay.o(i.SysTick_Handler)
    SystemInit                               0x08002699   Thumb Code    74  system_stm32f4xx.o(i.SystemInit)
    TIM14_PWM_Init                           0x080026f5   Thumb Code   152  motor.o(i.TIM14_PWM_Init)
    TIM3_HCSR04_Init                         0x08002795   Thumb Code   172  hc-sr04.o(i.TIM3_HCSR04_Init)
    TIM3_IRQHandler                          0x08002849   Thumb Code    34  hc-sr04.o(i.TIM3_IRQHandler)
    TIM4_Configuration                       0x08002875   Thumb Code    98  rgb.o(i.TIM4_Configuration)
    TIM_ARRPreloadConfig                     0x080028dd   Thumb Code    20  stm32f4xx_tim.o(i.TIM_ARRPreloadConfig)
    TIM_ClearITPendingBit                    0x080028f1   Thumb Code     6  stm32f4xx_tim.o(i.TIM_ClearITPendingBit)
    TIM_Cmd                                  0x080028f7   Thumb Code    20  stm32f4xx_tim.o(i.TIM_Cmd)
    TIM_GetCounter                           0x0800290b   Thumb Code     4  stm32f4xx_tim.o(i.TIM_GetCounter)
    TIM_GetITStatus                          0x0800290f   Thumb Code    24  stm32f4xx_tim.o(i.TIM_GetITStatus)
    TIM_ITConfig                             0x08002927   Thumb Code    16  stm32f4xx_tim.o(i.TIM_ITConfig)
    TIM_OC1Init                              0x08002939   Thumb Code    88  stm32f4xx_tim.o(i.TIM_OC1Init)
    TIM_OC1PreloadConfig                     0x08002999   Thumb Code    12  stm32f4xx_tim.o(i.TIM_OC1PreloadConfig)
    TIM_OC2Init                              0x080029a5   Thumb Code   120  stm32f4xx_tim.o(i.TIM_OC2Init)
    TIM_OC3Init                              0x08002a25   Thumb Code   116  stm32f4xx_tim.o(i.TIM_OC3Init)
    TIM_SetCompare1                          0x08002aa1   Thumb Code     4  stm32f4xx_tim.o(i.TIM_SetCompare1)
    TIM_SetCounter                           0x08002aa5   Thumb Code     4  stm32f4xx_tim.o(i.TIM_SetCounter)
    TIM_TimeBaseInit                         0x08002aa9   Thumb Code    96  stm32f4xx_tim.o(i.TIM_TimeBaseInit)
    UART3_Send_Str                           0x08002b25   Thumb Code    38  wifi2.o(i.UART3_Send_Str)
    USART1_IRQHandler                        0x08002b51   Thumb Code    80  nvic.o(i.USART1_IRQHandler)
    USART3_IRQHandler                        0x08002bb1   Thumb Code   392  main.o(i.USART3_IRQHandler)
    USART_Cmd                                0x08002d89   Thumb Code    20  stm32f4xx_usart.o(i.USART_Cmd)
    USART_DeInit                             0x08002d9d   Thumb Code   138  stm32f4xx_usart.o(i.USART_DeInit)
    USART_GetFlagStatus                      0x08002e49   Thumb Code    14  stm32f4xx_usart.o(i.USART_GetFlagStatus)
    USART_GetITStatus                        0x08002e57   Thumb Code    62  stm32f4xx_usart.o(i.USART_GetITStatus)
    USART_ITConfig                           0x08002e95   Thumb Code    48  stm32f4xx_usart.o(i.USART_ITConfig)
    USART_Init                               0x08002ec5   Thumb Code   164  stm32f4xx_usart.o(i.USART_Init)
    USART_ReceiveData                        0x08002f71   Thumb Code     8  stm32f4xx_usart.o(i.USART_ReceiveData)
    USART_SendData                           0x08002f79   Thumb Code     8  stm32f4xx_usart.o(i.USART_SendData)
    UsageFault_Handler                       0x08002f81   Thumb Code     2  stm32f4xx_it.o(i.UsageFault_Handler)
    YL_ADC2_Init                             0x08002f85   Thumb Code   116  yl.o(i.YL_ADC2_Init)
    YL_OPEN                                  0x08003001   Thumb Code   100  yl.o(i.YL_OPEN)
    YL_task                                  0x0800306d   Thumb Code    84  main.o(i.YL_task)
    __ARM_fpclassify                         0x080030f5   Thumb Code    48  fpclassify.o(i.__ARM_fpclassify)
    _is_digit                                0x08003125   Thumb Code    14  __printf_wp.o(i._is_digit)
    _sys_exit                                0x08003133   Thumb Code     2  usart.o(i._sys_exit)
    delay_init                               0x08003135   Thumb Code    50  delay.o(i.delay_init)
    delay_ms                                 0x0800316d   Thumb Code    52  delay.o(i.delay_ms)
    delay_us                                 0x080031a5   Thumb Code    48  delay.o(i.delay_us)
    fputc                                    0x080031d9   Thumb Code    14  usart.o(i.fputc)
    main                                     0x080031ed   Thumb Code   116  main.o(i.main)
    pvPortMalloc                             0x08003b5d   Thumb Code   214  heap_4.o(i.pvPortMalloc)
    pvTaskIncrementMutexHeldCount            0x08003c71   Thumb Code    18  tasks.o(i.pvTaskIncrementMutexHeldCount)
    pxPortInitialiseStack                    0x08003c89   Thumb Code    40  port.o(i.pxPortInitialiseStack)
    start_task                               0x08003cb5   Thumb Code   190  main.o(i.start_task)
    uart_init                                0x08003dd9   Thumb Code   164  usart.o(i.uart_init)
    usart3_init                              0x08003e85   Thumb Code   188  usart.o(i.usart3_init)
    uxListRemove                             0x08003f49   Thumb Code    36  list.o(i.uxListRemove)
    vListInitialise                          0x08003f6d   Thumb Code    22  list.o(i.vListInitialise)
    vListInitialiseItem                      0x08003f83   Thumb Code     6  list.o(i.vListInitialiseItem)
    vListInsert                              0x08003f89   Thumb Code    48  list.o(i.vListInsert)
    vListInsertEnd                           0x08003fb9   Thumb Code    24  list.o(i.vListInsertEnd)
    vPortEnterCritical                       0x08003fd1   Thumb Code    50  port.o(i.vPortEnterCritical)
    vPortExitCritical                        0x08004049   Thumb Code    34  port.o(i.vPortExitCritical)
    vPortFree                                0x080040ad   Thumb Code    94  heap_4.o(i.vPortFree)
    vPortSetupTimerInterrupt                 0x08004149   Thumb Code    26  port.o(i.vPortSetupTimerInterrupt)
    vPortValidateInterruptPriority           0x08004169   Thumb Code    70  port.o(i.vPortValidateInterruptPriority)
    vQueueAddToRegistry                      0x080041f5   Thumb Code    32  queue.o(i.vQueueAddToRegistry)
    vQueueWaitForMessageRestricted           0x08004219   Thumb Code    68  queue.o(i.vQueueWaitForMessageRestricted)
    vTaskDelay                               0x0800425d   Thumb Code    62  tasks.o(i.vTaskDelay)
    vTaskDelete                              0x080042c9   Thumb Code   152  tasks.o(i.vTaskDelete)
    vTaskMissedYield                         0x08004395   Thumb Code     8  tasks.o(i.vTaskMissedYield)
    vTaskPlaceOnEventList                    0x080043a1   Thumb Code    44  tasks.o(i.vTaskPlaceOnEventList)
    vTaskPlaceOnEventListRestricted          0x080043f5   Thumb Code    52  tasks.o(i.vTaskPlaceOnEventListRestricted)
    vTaskPriorityInherit                     0x08004451   Thumb Code   124  tasks.o(i.vTaskPriorityInherit)
    vTaskResume                              0x080044d5   Thumb Code   112  tasks.o(i.vTaskResume)
    vTaskSetTimeOutState                     0x08004575   Thumb Code    30  tasks.o(i.vTaskSetTimeOutState)
    vTaskStartScheduler                      0x080045bd   Thumb Code    96  tasks.o(i.vTaskStartScheduler)
    vTaskSuspend                             0x08004651   Thumb Code   154  tasks.o(i.vTaskSuspend)
    vTaskSuspendAll                          0x08004721   Thumb Code    10  tasks.o(i.vTaskSuspendAll)
    vTaskSwitchContext                       0x08004731   Thumb Code    80  tasks.o(i.vTaskSwitchContext)
    xPortStartScheduler                      0x080047ad   Thumb Code   196  port.o(i.xPortStartScheduler)
    xPortSysTickHandler                      0x080048c1   Thumb Code    38  port.o(i.xPortSysTickHandler)
    xQueueCreateMutex                        0x080048ed   Thumb Code    36  queue.o(i.xQueueCreateMutex)
    xQueueGenericCreate                      0x08004911   Thumb Code    82  queue.o(i.xQueueGenericCreate)
    xQueueGenericReceive                     0x08004989   Thumb Code   348  queue.o(i.xQueueGenericReceive)
    xQueueGenericReset                       0x08004b0d   Thumb Code   128  queue.o(i.xQueueGenericReset)
    xQueueGenericSend                        0x08004bb5   Thumb Code   350  queue.o(i.xQueueGenericSend)
    xQueueGenericSendFromISR                 0x08004d3d   Thumb Code   188  queue.o(i.xQueueGenericSendFromISR)
    xTaskCheckForTimeOut                     0x08004e1d   Thumb Code    94  tasks.o(i.xTaskCheckForTimeOut)
    xTaskCreate                              0x08004ea5   Thumb Code    86  tasks.o(i.xTaskCreate)
    xTaskGetSchedulerState                   0x08004efd   Thumb Code    22  tasks.o(i.xTaskGetSchedulerState)
    xTaskGetTickCount                        0x08004f19   Thumb Code     6  tasks.o(i.xTaskGetTickCount)
    xTaskIncrementTick                       0x08004f25   Thumb Code   188  tasks.o(i.xTaskIncrementTick)
    xTaskPriorityDisinherit                  0x0800500d   Thumb Code   136  tasks.o(i.xTaskPriorityDisinherit)
    xTaskRemoveFromEventList                 0x080050c1   Thumb Code   102  tasks.o(i.xTaskRemoveFromEventList)
    xTaskResumeAll                           0x08005159   Thumb Code   180  tasks.o(i.xTaskResumeAll)
    xTimerCreate                             0x0800523d   Thumb Code    74  timers.o(i.xTimerCreate)
    xTimerCreateTimerTask                    0x080052b1   Thumb Code    58  timers.o(i.xTimerCreateTimerTask)
    xTimerGenericCommand                     0x08005325   Thumb Code    98  timers.o(i.xTimerGenericCommand)
    _get_lc_numeric                          0x080053b5   Thumb Code    44  lc_numeric_c.o(locale$$code)
    __aeabi_d2f                              0x080053e1   Thumb Code     0  d2f.o(x$fpl$d2f)
    _d2f                                     0x080053e1   Thumb Code    98  d2f.o(x$fpl$d2f)
    __aeabi_dadd                             0x08005445   Thumb Code     0  daddsub_clz.o(x$fpl$dadd)
    _dadd                                    0x08005445   Thumb Code   332  daddsub_clz.o(x$fpl$dadd)
    __aeabi_ddiv                             0x08005595   Thumb Code     0  ddiv.o(x$fpl$ddiv)
    _ddiv                                    0x08005595   Thumb Code   552  ddiv.o(x$fpl$ddiv)
    __aeabi_ui2d                             0x08005845   Thumb Code     0  dflt_clz.o(x$fpl$dfltu)
    _dfltu                                   0x08005845   Thumb Code    38  dflt_clz.o(x$fpl$dfltu)
    __fpl_dnaninf                            0x0800586b   Thumb Code   156  dnaninf.o(x$fpl$dnaninf)
    __fpl_dretinf                            0x08005907   Thumb Code    12  dretinf.o(x$fpl$dretinf)
    __aeabi_dsub                             0x08005915   Thumb Code     0  daddsub_clz.o(x$fpl$dsub)
    _dsub                                    0x08005915   Thumb Code   464  daddsub_clz.o(x$fpl$dsub)
    __aeabi_f2d                              0x08005ae9   Thumb Code     0  f2d.o(x$fpl$f2d)
    _f2d                                     0x08005ae9   Thumb Code    86  f2d.o(x$fpl$f2d)
    __fpl_fnaninf                            0x08005b3f   Thumb Code   140  fnaninf.o(x$fpl$fnaninf)
    _fp_init                                 0x08005bcb   Thumb Code    10  fpinit.o(x$fpl$fpinit)
    __fplib_config_fpu_vfp                   0x08005bd3   Thumb Code     0  fpinit.o(x$fpl$fpinit)
    __fplib_config_pureend_doubles           0x08005bd3   Thumb Code     0  fpinit.o(x$fpl$fpinit)
    __fpl_fretinf                            0x08005bd5   Thumb Code    10  fretinf.o(x$fpl$fretinf)
    _printf_fp_dec                           0x08005bdf   Thumb Code     4  printf1.o(x$fpl$printf1)
    __I$use$fp                               0x08005be2   Number         0  usenofp.o(x$fpl$usenofp)
    Region$$Table$$Base                      0x08005c78   Number         0  anon$$obj.o(Region$$Table)
    Region$$Table$$Limit                     0x08005c98   Number         0  anon$$obj.o(Region$$Table)
    i                                        0x20000000   Data           1  main.o(.data)
    uart2_flag                               0x20000001   Data           1  main.o(.data)
    StartTask_Handler                        0x20000004   Data           4  main.o(.data)
    DHT11_Task_Handler                       0x20000008   Data           4  main.o(.data)
    YL_Task_Handler                          0x2000000c   Data           4  main.o(.data)
    HCSR04_Task_Handler                      0x20000010   Data           4  main.o(.data)
    LSENS_Task_Handler                       0x20000014   Data           4  main.o(.data)
    HCSR501_Task_Handler                     0x20000018   Data           4  main.o(.data)
    CLOSE_Task_Handler                       0x2000001c   Data           4  main.o(.data)
    MutexSemaphore01                         0x20000020   Data           4  main.o(.data)
    MutexSemaphore02                         0x20000024   Data           4  main.o(.data)
    MutexSemaphore03                         0x20000028   Data           4  main.o(.data)
    MutexSemaphore04                         0x2000002c   Data           4  main.o(.data)
    MutexSemaphore05                         0x20000030   Data           4  main.o(.data)
    SystemCoreClock                          0x20000034   Data           4  system_stm32f4xx.o(.data)
    AHBPrescTable                            0x20000038   Data          16  system_stm32f4xx.o(.data)
    adc_value                                0x20000048   Data           4  yl.o(.data)
    soil_humidity                            0x2000004c   Data           4  yl.o(.data)
    voltage                                  0x20000050   Data           4  yl.o(.data)
    rx_flag                                  0x20000054   Data           1  nvic.o(.data)
    overcount                                0x20000058   Data           1  hc-sr04.o(.data)
    __stdout                                 0x20000060   Data           4  usart.o(.data)
    pxCurrentTCB                             0x20000074   Data           4  tasks.o(.data)
    uart2_revbuf                             0x200000e8   Data         200  main.o(.bss)
    uart1_rxbuff                             0x200001b0   Data        1024  nvic.o(.bss)
    xQueueRegistry                           0x200005b0   Data          64  queue.o(.bss)
    __libspace_start                         0x200058fc   Data          96  libspace.o(.bss)
    __temporary_stack_top$libspace           0x2000595c   Data           0  libspace.o(.bss)



==============================================================================

Memory Map of the image

  Image Entry point : 0x08000189

  Load Region LR_IROM1 (Base: 0x08000000, Size: 0x00005d9c, Max: 0x00100000, ABSOLUTE)

    Execution Region ER_IROM1 (Base: 0x08000000, Size: 0x00005cb4, Max: 0x00100000, ABSOLUTE)

    Base Addr    Size         Type   Attr      Idx    E Section Name        Object

    0x08000000   0x00000188   Data   RO          925    RESET               startup_stm32f40_41xxx.o
    0x08000188   0x00000008   Code   RO         6609  * !!!main             c_w.l(__main.o)
    0x08000190   0x00000034   Code   RO         6861    !!!scatter          c_w.l(__scatter.o)
    0x080001c4   0x0000001a   Code   RO         6863    !!handler_copy      c_w.l(__scatter_copy.o)
    0x080001de   0x00000002   PAD
    0x080001e0   0x0000001c   Code   RO         6865    !!handler_zi        c_w.l(__scatter_zi.o)
    0x080001fc   0x00000000   Code   RO         6590    .ARM.Collect$$_printf_percent$$00000000  c_w.l(_printf_percent.o)
    0x080001fc   0x00000006   Code   RO         6589    .ARM.Collect$$_printf_percent$$00000003  c_w.l(_printf_f.o)
    0x08000202   0x00000006   Code   RO         6587    .ARM.Collect$$_printf_percent$$00000009  c_w.l(_printf_d.o)
    0x08000208   0x00000006   Code   RO         6586    .ARM.Collect$$_printf_percent$$00000014  c_w.l(_printf_s.o)
    0x0800020e   0x00000004   Code   RO         6650    .ARM.Collect$$_printf_percent$$00000017  c_w.l(_printf_percent_end.o)
    0x08000212   0x00000002   Code   RO         6738    .ARM.Collect$$libinit$$00000000  c_w.l(libinit.o)
    0x08000214   0x00000004   Code   RO         6739    .ARM.Collect$$libinit$$00000001  c_w.l(libinit2.o)
    0x08000218   0x00000000   Code   RO         6742    .ARM.Collect$$libinit$$00000004  c_w.l(libinit2.o)
    0x08000218   0x00000000   Code   RO         6745    .ARM.Collect$$libinit$$0000000A  c_w.l(libinit2.o)
    0x08000218   0x00000000   Code   RO         6747    .ARM.Collect$$libinit$$0000000C  c_w.l(libinit2.o)
    0x08000218   0x00000000   Code   RO         6749    .ARM.Collect$$libinit$$0000000E  c_w.l(libinit2.o)
    0x08000218   0x00000006   Code   RO         6750    .ARM.Collect$$libinit$$0000000F  c_w.l(libinit2.o)
    0x0800021e   0x00000000   Code   RO         6752    .ARM.Collect$$libinit$$00000011  c_w.l(libinit2.o)
    0x0800021e   0x00000000   Code   RO         6754    .ARM.Collect$$libinit$$00000013  c_w.l(libinit2.o)
    0x0800021e   0x00000000   Code   RO         6756    .ARM.Collect$$libinit$$00000015  c_w.l(libinit2.o)
    0x0800021e   0x0000000a   Code   RO         6757    .ARM.Collect$$libinit$$00000016  c_w.l(libinit2.o)
    0x08000228   0x00000000   Code   RO         6758    .ARM.Collect$$libinit$$00000017  c_w.l(libinit2.o)
    0x08000228   0x00000000   Code   RO         6760    .ARM.Collect$$libinit$$00000019  c_w.l(libinit2.o)
    0x08000228   0x00000000   Code   RO         6762    .ARM.Collect$$libinit$$0000001B  c_w.l(libinit2.o)
    0x08000228   0x00000000   Code   RO         6764    .ARM.Collect$$libinit$$0000001D  c_w.l(libinit2.o)
    0x08000228   0x00000000   Code   RO         6766    .ARM.Collect$$libinit$$0000001F  c_w.l(libinit2.o)
    0x08000228   0x00000000   Code   RO         6768    .ARM.Collect$$libinit$$00000021  c_w.l(libinit2.o)
    0x08000228   0x00000000   Code   RO         6770    .ARM.Collect$$libinit$$00000023  c_w.l(libinit2.o)
    0x08000228   0x00000000   Code   RO         6772    .ARM.Collect$$libinit$$00000025  c_w.l(libinit2.o)
    0x08000228   0x00000000   Code   RO         6776    .ARM.Collect$$libinit$$0000002C  c_w.l(libinit2.o)
    0x08000228   0x00000000   Code   RO         6778    .ARM.Collect$$libinit$$0000002E  c_w.l(libinit2.o)
    0x08000228   0x00000000   Code   RO         6780    .ARM.Collect$$libinit$$00000030  c_w.l(libinit2.o)
    0x08000228   0x00000000   Code   RO         6782    .ARM.Collect$$libinit$$00000032  c_w.l(libinit2.o)
    0x08000228   0x00000002   Code   RO         6783    .ARM.Collect$$libinit$$00000033  c_w.l(libinit2.o)
    0x0800022a   0x00000002   Code   RO         6811    .ARM.Collect$$libshutdown$$00000000  c_w.l(libshutdown.o)
    0x0800022c   0x00000000   Code   RO         6820    .ARM.Collect$$libshutdown$$00000002  c_w.l(libshutdown2.o)
    0x0800022c   0x00000000   Code   RO         6822    .ARM.Collect$$libshutdown$$00000004  c_w.l(libshutdown2.o)
    0x0800022c   0x00000000   Code   RO         6825    .ARM.Collect$$libshutdown$$00000007  c_w.l(libshutdown2.o)
    0x0800022c   0x00000000   Code   RO         6828    .ARM.Collect$$libshutdown$$0000000A  c_w.l(libshutdown2.o)
    0x0800022c   0x00000000   Code   RO         6830    .ARM.Collect$$libshutdown$$0000000C  c_w.l(libshutdown2.o)
    0x0800022c   0x00000000   Code   RO         6833    .ARM.Collect$$libshutdown$$0000000F  c_w.l(libshutdown2.o)
    0x0800022c   0x00000002   Code   RO         6834    .ARM.Collect$$libshutdown$$00000010  c_w.l(libshutdown2.o)
    0x0800022e   0x00000000   Code   RO         6637    .ARM.Collect$$rtentry$$00000000  c_w.l(__rtentry.o)
    0x0800022e   0x00000000   Code   RO         6663    .ARM.Collect$$rtentry$$00000002  c_w.l(__rtentry2.o)
    0x0800022e   0x00000006   Code   RO         6675    .ARM.Collect$$rtentry$$00000004  c_w.l(__rtentry4.o)
    0x08000234   0x00000000   Code   RO         6665    .ARM.Collect$$rtentry$$00000009  c_w.l(__rtentry2.o)
    0x08000234   0x00000004   Code   RO         6666    .ARM.Collect$$rtentry$$0000000A  c_w.l(__rtentry2.o)
    0x08000238   0x00000000   Code   RO         6668    .ARM.Collect$$rtentry$$0000000C  c_w.l(__rtentry2.o)
    0x08000238   0x00000008   Code   RO         6669    .ARM.Collect$$rtentry$$0000000D  c_w.l(__rtentry2.o)
    0x08000240   0x00000002   Code   RO         6784    .ARM.Collect$$rtexit$$00000000  c_w.l(rtexit.o)
    0x08000242   0x00000000   Code   RO         6791    .ARM.Collect$$rtexit$$00000002  c_w.l(rtexit2.o)
    0x08000242   0x00000004   Code   RO         6792    .ARM.Collect$$rtexit$$00000003  c_w.l(rtexit2.o)
    0x08000246   0x00000006   Code   RO         6793    .ARM.Collect$$rtexit$$00000004  c_w.l(rtexit2.o)
    0x0800024c   0x000000b6   Code   RO         6407    .emb_text           port.o
    0x08000302   0x00000002   PAD
    0x08000304   0x00000040   Code   RO          926    .text               startup_stm32f40_41xxx.o
    0x08000344   0x00000002   Code   RO         6549    .text               c_w.l(use_no_semi_2.o)
    0x08000346   0x00000002   PAD
    0x08000348   0x00000018   Code   RO         6555    .text               c_w.l(noretval__2printf.o)
    0x08000360   0x00000028   Code   RO         6557    .text               c_w.l(noretval__2sprintf.o)
    0x08000388   0x00000052   Code   RO         6561    .text               c_w.l(_printf_str.o)
    0x080003da   0x00000002   PAD
    0x080003dc   0x00000078   Code   RO         6563    .text               c_w.l(_printf_dec.o)
    0x08000454   0x0000010e   Code   RO         6573    .text               c_w.l(__printf_wp.o)
    0x08000562   0x00000024   Code   RO         6591    .text               c_w.l(strstr.o)
    0x08000586   0x00000048   Code   RO         6593    .text               c_w.l(strcpy.o)
    0x080005ce   0x00000018   Code   RO         6597    .text               c_w.l(strcat.o)
    0x080005e6   0x0000008a   Code   RO         6599    .text               c_w.l(rt_memcpy_v6.o)
    0x08000670   0x00000010   Code   RO         6601    .text               c_w.l(aeabi_memset.o)
    0x08000680   0x00000044   Code   RO         6603    .text               c_w.l(rt_memclr.o)
    0x080006c4   0x0000004e   Code   RO         6605    .text               c_w.l(rt_memclr_w.o)
    0x08000712   0x00000006   Code   RO         6607    .text               c_w.l(heapauxi.o)
    0x08000718   0x00000002   Code   RO         6635    .text               c_w.l(use_no_semi.o)
    0x0800071a   0x000000b2   Code   RO         6638    .text               c_w.l(_printf_intcommon.o)
    0x080007cc   0x0000041a   Code   RO         6640    .text               c_w.l(_printf_fp_dec.o)
    0x08000be6   0x00000002   PAD
    0x08000be8   0x00000030   Code   RO         6642    .text               c_w.l(_printf_char_common.o)
    0x08000c18   0x0000000a   Code   RO         6644    .text               c_w.l(_sputc.o)
    0x08000c22   0x0000002c   Code   RO         6646    .text               c_w.l(_printf_char.o)
    0x08000c4e   0x00000002   PAD
    0x08000c50   0x00000024   Code   RO         6648    .text               c_w.l(_printf_char_file.o)
    0x08000c74   0x00000064   Code   RO         6651    .text               c_w.l(rt_memcpy_w.o)
    0x08000cd8   0x00000008   Code   RO         6680    .text               c_w.l(rt_locale_intlibspace.o)
    0x08000ce0   0x0000008a   Code   RO         6682    .text               c_w.l(lludiv10.o)
    0x08000d6a   0x00000002   PAD
    0x08000d6c   0x00000080   Code   RO         6684    .text               c_w.l(_printf_fp_infnan.o)
    0x08000dec   0x000000dc   Code   RO         6688    .text               c_w.l(bigflt0.o)
    0x08000ec8   0x00000008   Code   RO         6713    .text               c_w.l(ferror.o)
    0x08000ed0   0x00000008   Code   RO         6724    .text               c_w.l(libspace.o)
    0x08000ed8   0x0000004a   Code   RO         6727    .text               c_w.l(sys_stackheap_outer.o)
    0x08000f22   0x00000012   Code   RO         6729    .text               c_w.l(exit.o)
    0x08000f34   0x00000080   Code   RO         6731    .text               c_w.l(strcmpv7m.o)
    0x08000fb4   0x0000003e   Code   RO         6691    CL$$btod_d2e        c_w.l(btod.o)
    0x08000ff2   0x00000046   Code   RO         6693    CL$$btod_d2e_denorm_low  c_w.l(btod.o)
    0x08001038   0x00000060   Code   RO         6692    CL$$btod_d2e_norm_op1  c_w.l(btod.o)
    0x08001098   0x00000338   Code   RO         6701    CL$$btod_div_common  c_w.l(btod.o)
    0x080013d0   0x000000c6   Code   RO         6698    CL$$btod_e2e        c_w.l(btod.o)
    0x08001496   0x00000028   Code   RO         6695    CL$$btod_ediv       c_w.l(btod.o)
    0x080014be   0x00000028   Code   RO         6694    CL$$btod_emul       c_w.l(btod.o)
    0x080014e6   0x00000244   Code   RO         6700    CL$$btod_mult_common  c_w.l(btod.o)
    0x0800172a   0x00000014   Code   RO         2205    i.ADC_Cmd           stm32f4xx_adc.o
    0x0800173e   0x00000002   PAD
    0x08001740   0x0000002c   Code   RO         2206    i.ADC_CommonInit    stm32f4xx_adc.o
    0x0800176c   0x00000006   Code   RO         2217    i.ADC_GetConversionValue  stm32f4xx_adc.o
    0x08001772   0x0000000e   Code   RO         2218    i.ADC_GetFlagStatus  stm32f4xx_adc.o
    0x08001780   0x0000004c   Code   RO         2225    i.ADC_Init          stm32f4xx_adc.o
    0x080017cc   0x00000074   Code   RO         2230    i.ADC_RegularChannelConfig  stm32f4xx_adc.o
    0x08001840   0x0000000a   Code   RO         2232    i.ADC_SoftwareStartConv  stm32f4xx_adc.o
    0x0800184a   0x00000002   PAD
    0x0800184c   0x00000060   Code   RO          674    i.Adc3_Init         lsens.o
    0x080018ac   0x00000002   Code   RO          275    i.BusFault_Handler  stm32f4xx_it.o
    0x080018ae   0x00000002   PAD
    0x080018b0   0x0000002c   Code   RO            3    i.CLOSE_task        main.o
    0x080018dc   0x000000a8   Code   RO          607    i.Connect_Wifi_TCP  wifi2.o
    0x08001984   0x00000024   Code   RO          463    i.ConvertToSoilHumidity  yl.o
    0x080019a8   0x0000001c   Code   RO          464    i.ConvertToVoltage  yl.o
    0x080019c4   0x0000001a   Code   RO          503    i.DHT11_OPEN        dht11.o
    0x080019de   0x00000002   PAD
    0x080019e0   0x00000124   Code   RO          504    i.DHT11_data        dht11.o
    0x08001b04   0x00000070   Code   RO          505    i.DHT11_recask      dht11.o
    0x08001b74   0x00000054   Code   RO          506    i.DHT11_recdata     dht11.o
    0x08001bc8   0x00000028   Code   RO          507    i.DHT11_start       dht11.o
    0x08001bf0   0x0000003c   Code   RO            4    i.DHT11_task        main.o
    0x08001c2c   0x00000044   Code   RO          508    i.DTH11_PIN_Init    dht11.o
    0x08001c70   0x00000002   Code   RO          276    i.DebugMon_Handler  stm32f4xx_it.o
    0x08001c72   0x00000002   PAD
    0x08001c74   0x000000a4   Code   RO          609    i.ESP8266_Connect_Server  wifi2.o
    0x08001d18   0x000000e4   Code   RO          610    i.ESP8266_Connect_WIFI  wifi2.o
    0x08001dfc   0x00000134   Code   RO          611    i.ESP8266_HTTP_Init  wifi2.o
    0x08001f30   0x00000050   Code   RO          613    i.ESP8266_Send_ATcmd  wifi2.o
    0x08001f80   0x00000034   Code   RO          614    i.Exit_Pass_Through_Mode  wifi2.o
    0x08001fb4   0x00000068   Code   RO          776    i.GPIO_Configuration  rgb.o
    0x0800201c   0x00000078   Code   RO          977    i.GPIO_Init         stm32f4xx_gpio.o
    0x08002094   0x00000020   Code   RO          978    i.GPIO_PinAFConfig  stm32f4xx_gpio.o
    0x080020b4   0x0000000e   Code   RO          981    i.GPIO_ReadInputDataBit  stm32f4xx_gpio.o
    0x080020c2   0x00000004   Code   RO          984    i.GPIO_ResetBits    stm32f4xx_gpio.o
    0x080020c6   0x00000004   Code   RO          985    i.GPIO_SetBits      stm32f4xx_gpio.o
    0x080020ca   0x00000002   PAD
    0x080020cc   0x00000030   Code   RO          675    i.Get_Adc3          lsens.o
    0x080020fc   0x000000f8   Code   RO          741    i.HCSR04_OPEN       hc-sr04.o
    0x080021f4   0x0000007c   Code   RO            5    i.HCSR04_task       main.o
    0x08002270   0x00000010   Code   RO            6    i.HCSR501_task      main.o
    0x08002280   0x00000034   Code   RO          712    i.HC_SR501_Init     hc_sr501.o
    0x080022b4   0x00000070   Code   RO          713    i.HC_SR501_OPEN     hc_sr501.o
    0x08002324   0x00000002   Code   RO          277    i.HardFault_Handler  stm32f4xx_it.o
    0x08002326   0x00000002   PAD
    0x08002328   0x00000040   Code   RO          391    i.LED_Init          led.o
    0x08002368   0x00000010   Code   RO            7    i.LSENS_task        main.o
    0x08002378   0x0000002c   Code   RO          676    i.Lsens_Init        lsens.o
    0x080023a4   0x0000006c   Code   RO          677    i.Lsens_OPEN        lsens.o
    0x08002410   0x00000002   Code   RO          278    i.MemManage_Handler  stm32f4xx_it.o
    0x08002412   0x00000002   Code   RO          279    i.NMI_Handler       stm32f4xx_it.o
    0x08002414   0x00000064   Code   RO          932    i.NVIC_Init         misc.o
    0x08002478   0x00000014   Code   RO          933    i.NVIC_PriorityGroupConfig  misc.o
    0x0800248c   0x00000018   Code   RO          777    i.PWM_Configuration  rgb.o
    0x080024a4   0x00000018   Code   RO         1074    i.RCC_AHB1PeriphClockCmd  stm32f4xx_rcc.o
    0x080024bc   0x00000018   Code   RO         1083    i.RCC_APB1PeriphClockCmd  stm32f4xx_rcc.o
    0x080024d4   0x00000018   Code   RO         1085    i.RCC_APB1PeriphResetCmd  stm32f4xx_rcc.o
    0x080024ec   0x00000018   Code   RO         1086    i.RCC_APB2PeriphClockCmd  stm32f4xx_rcc.o
    0x08002504   0x00000018   Code   RO         1088    i.RCC_APB2PeriphResetCmd  stm32f4xx_rcc.o
    0x0800251c   0x00000090   Code   RO         1095    i.RCC_GetClocksFreq  stm32f4xx_rcc.o
    0x080025ac   0x000000b4   Code   RO          354    i.SetSysClock       system_stm32f4xx.o
    0x08002660   0x0000000c   Code   RO          553    i.Set_Motor         motor.o
    0x0800266c   0x00000018   Code   RO          936    i.SysTick_CLKSourceConfig  misc.o
    0x08002684   0x00000014   Code   RO          808    i.SysTick_Handler   delay.o
    0x08002698   0x0000005c   Code   RO          356    i.SystemInit        system_stm32f4xx.o
    0x080026f4   0x000000a0   Code   RO          554    i.TIM14_PWM_Init    motor.o
    0x08002794   0x000000b4   Code   RO          742    i.TIM3_HCSR04_Init  hc-sr04.o
    0x08002848   0x0000002c   Code   RO          743    i.TIM3_IRQHandler   hc-sr04.o
    0x08002874   0x00000068   Code   RO          778    i.TIM4_Configuration  rgb.o
    0x080028dc   0x00000014   Code   RO         1654    i.TIM_ARRPreloadConfig  stm32f4xx_tim.o
    0x080028f0   0x00000006   Code   RO         1661    i.TIM_ClearITPendingBit  stm32f4xx_tim.o
    0x080028f6   0x00000014   Code   RO         1666    i.TIM_Cmd           stm32f4xx_tim.o
    0x0800290a   0x00000004   Code   RO         1685    i.TIM_GetCounter    stm32f4xx_tim.o
    0x0800290e   0x00000018   Code   RO         1687    i.TIM_GetITStatus   stm32f4xx_tim.o
    0x08002926   0x00000010   Code   RO         1691    i.TIM_ITConfig      stm32f4xx_tim.o
    0x08002936   0x00000002   PAD
    0x08002938   0x00000060   Code   RO         1695    i.TIM_OC1Init       stm32f4xx_tim.o
    0x08002998   0x0000000c   Code   RO         1698    i.TIM_OC1PreloadConfig  stm32f4xx_tim.o
    0x080029a4   0x00000080   Code   RO         1700    i.TIM_OC2Init       stm32f4xx_tim.o
    0x08002a24   0x0000007c   Code   RO         1705    i.TIM_OC3Init       stm32f4xx_tim.o
    0x08002aa0   0x00000004   Code   RO         1728    i.TIM_SetCompare1   stm32f4xx_tim.o
    0x08002aa4   0x00000004   Code   RO         1732    i.TIM_SetCounter    stm32f4xx_tim.o
    0x08002aa8   0x0000007c   Code   RO         1738    i.TIM_TimeBaseInit  stm32f4xx_tim.o
    0x08002b24   0x0000002c   Code   RO          615    i.UART3_Send_Str    wifi2.o
    0x08002b50   0x00000060   Code   RO          579    i.USART1_IRQHandler  nvic.o
    0x08002bb0   0x000001d8   Code   RO            8    i.USART3_IRQHandler  main.o
    0x08002d88   0x00000014   Code   RO         1468    i.USART_Cmd         stm32f4xx_usart.o
    0x08002d9c   0x000000ac   Code   RO         1470    i.USART_DeInit      stm32f4xx_usart.o
    0x08002e48   0x0000000e   Code   RO         1471    i.USART_GetFlagStatus  stm32f4xx_usart.o
    0x08002e56   0x0000003e   Code   RO         1472    i.USART_GetITStatus  stm32f4xx_usart.o
    0x08002e94   0x00000030   Code   RO         1474    i.USART_ITConfig    stm32f4xx_usart.o
    0x08002ec4   0x000000ac   Code   RO         1475    i.USART_Init        stm32f4xx_usart.o
    0x08002f70   0x00000008   Code   RO         1482    i.USART_ReceiveData  stm32f4xx_usart.o
    0x08002f78   0x00000008   Code   RO         1485    i.USART_SendData    stm32f4xx_usart.o
    0x08002f80   0x00000002   Code   RO          280    i.UsageFault_Handler  stm32f4xx_it.o
    0x08002f82   0x00000002   PAD
    0x08002f84   0x0000007c   Code   RO          465    i.YL_ADC2_Init      yl.o
    0x08003000   0x0000006c   Code   RO          466    i.YL_OPEN           yl.o
    0x0800306c   0x00000088   Code   RO            9    i.YL_task           main.o
    0x080030f4   0x00000030   Code   RO         6722    i.__ARM_fpclassify  m_wm.l(fpclassify.o)
    0x08003124   0x0000000e   Code   RO         6575    i._is_digit         c_w.l(__printf_wp.o)
    0x08003132   0x00000002   Code   RO          872    i._sys_exit         usart.o
    0x08003134   0x00000038   Code   RO          809    i.delay_init        delay.o
    0x0800316c   0x00000038   Code   RO          810    i.delay_ms          delay.o
    0x080031a4   0x00000034   Code   RO          811    i.delay_us          delay.o
    0x080031d8   0x00000014   Code   RO          873    i.fputc             usart.o
    0x080031ec   0x000000b8   Code   RO           10    i.main              main.o
    0x080032a4   0x00000070   Code   RO         5926    i.prvAddCurrentTaskToDelayedList  tasks.o
    0x08003314   0x000000d0   Code   RO         5927    i.prvAddNewTaskToReadyList  tasks.o
    0x080033e4   0x00000050   Code   RO         6279    i.prvCheckForValidListAndQueue  timers.o
    0x08003434   0x00000054   Code   RO         5928    i.prvCheckTasksWaitingTermination  tasks.o
    0x08003488   0x00000026   Code   RO         5700    i.prvCopyDataFromQueue  queue.o
    0x080034ae   0x0000006c   Code   RO         5701    i.prvCopyDataToQueue  queue.o
    0x0800351a   0x00000014   Code   RO         5929    i.prvDeleteTCB      tasks.o
    0x0800352e   0x00000002   PAD
    0x08003530   0x0000004c   Code   RO         6492    i.prvHeapInit       heap_4.o
    0x0800357c   0x00000028   Code   RO         5930    i.prvIdleTask       tasks.o
    0x080035a4   0x000000c0   Code   RO         5931    i.prvInitialiseNewTask  tasks.o
    0x08003664   0x0000004c   Code   RO         6493    i.prvInsertBlockIntoFreeList  heap_4.o
    0x080036b0   0x00000038   Code   RO         6280    i.prvInsertTimerInActiveList  timers.o
    0x080036e8   0x0000001a   Code   RO         5702    i.prvIsQueueEmpty   queue.o
    0x08003702   0x00000002   PAD
    0x08003704   0x00000090   Code   RO         5703    i.prvNotifyQueueSetContainer  queue.o
    0x08003794   0x00000060   Code   RO         6281    i.prvProcessExpiredTimer  timers.o
    0x080037f4   0x000000f0   Code   RO         6282    i.prvProcessReceivedCommands  timers.o
    0x080038e4   0x0000006c   Code   RO         6283    i.prvProcessTimerOrBlockTask  timers.o
    0x08003950   0x00000020   Code   RO         5933    i.prvResetNextTaskUnblockTime  tasks.o
    0x08003970   0x00000028   Code   RO         6284    i.prvSampleTimeNow  timers.o
    0x08003998   0x0000006c   Code   RO         6285    i.prvSwitchTimerLists  timers.o
    0x08003a04   0x00000064   Code   RO         6408    i.prvTaskExitError  port.o
    0x08003a68   0x00000054   Code   RO         5934    i.prvTaskIsTaskSuspended  tasks.o
    0x08003abc   0x00000028   Code   RO         6286    i.prvTimerTask      timers.o
    0x08003ae4   0x00000078   Code   RO         5704    i.prvUnlockQueue    queue.o
    0x08003b5c   0x00000114   Code   RO         6494    i.pvPortMalloc      heap_4.o
    0x08003c70   0x00000018   Code   RO         5935    i.pvTaskIncrementMutexHeldCount  tasks.o
    0x08003c88   0x0000002c   Code   RO         6409    i.pxPortInitialiseStack  port.o
    0x08003cb4   0x00000124   Code   RO           11    i.start_task        main.o
    0x08003dd8   0x000000ac   Code   RO          874    i.uart_init         usart.o
    0x08003e84   0x000000c4   Code   RO          875    i.usart3_init       usart.o
    0x08003f48   0x00000024   Code   RO         5655    i.uxListRemove      list.o
    0x08003f6c   0x00000016   Code   RO         5656    i.vListInitialise   list.o
    0x08003f82   0x00000006   Code   RO         5657    i.vListInitialiseItem  list.o
    0x08003f88   0x00000030   Code   RO         5658    i.vListInsert       list.o
    0x08003fb8   0x00000018   Code   RO         5659    i.vListInsertEnd    list.o
    0x08003fd0   0x00000078   Code   RO         6411    i.vPortEnterCritical  port.o
    0x08004048   0x00000064   Code   RO         6412    i.vPortExitCritical  port.o
    0x080040ac   0x0000009c   Code   RO         6495    i.vPortFree         heap_4.o
    0x08004148   0x00000020   Code   RO         6413    i.vPortSetupTimerInterrupt  port.o
    0x08004168   0x0000008c   Code   RO         6414    i.vPortValidateInterruptPriority  port.o
    0x080041f4   0x00000024   Code   RO         5710    i.vQueueAddToRegistry  queue.o
    0x08004218   0x00000044   Code   RO         5714    i.vQueueWaitForMessageRestricted  queue.o
    0x0800425c   0x0000006c   Code   RO         5943    i.vTaskDelay        tasks.o
    0x080042c8   0x000000cc   Code   RO         5945    i.vTaskDelete       tasks.o
    0x08004394   0x0000000c   Code   RO         5949    i.vTaskMissedYield  tasks.o
    0x080043a0   0x00000054   Code   RO         5951    i.vTaskPlaceOnEventList  tasks.o
    0x080043f4   0x0000005c   Code   RO         5952    i.vTaskPlaceOnEventListRestricted  tasks.o
    0x08004450   0x00000084   Code   RO         5954    i.vTaskPriorityInherit  tasks.o
    0x080044d4   0x000000a0   Code   RO         5956    i.vTaskResume       tasks.o
    0x08004574   0x00000048   Code   RO         5958    i.vTaskSetTimeOutState  tasks.o
    0x080045bc   0x00000094   Code   RO         5959    i.vTaskStartScheduler  tasks.o
    0x08004650   0x000000d0   Code   RO         5960    i.vTaskSuspend      tasks.o
    0x08004720   0x00000010   Code   RO         5961    i.vTaskSuspendAll   tasks.o
    0x08004730   0x0000007c   Code   RO         5962    i.vTaskSwitchContext  tasks.o
    0x080047ac   0x00000114   Code   RO         6415    i.xPortStartScheduler  port.o
    0x080048c0   0x0000002c   Code   RO         6416    i.xPortSysTickHandler  port.o
    0x080048ec   0x00000024   Code   RO         5717    i.xQueueCreateMutex  queue.o
    0x08004910   0x00000078   Code   RO         5719    i.xQueueGenericCreate  queue.o
    0x08004988   0x00000184   Code   RO         5720    i.xQueueGenericReceive  queue.o
    0x08004b0c   0x000000a8   Code   RO         5721    i.xQueueGenericReset  queue.o
    0x08004bb4   0x00000188   Code   RO         5722    i.xQueueGenericSend  queue.o
    0x08004d3c   0x000000e0   Code   RO         5723    i.xQueueGenericSendFromISR  queue.o
    0x08004e1c   0x00000088   Code   RO         5963    i.xTaskCheckForTimeOut  tasks.o
    0x08004ea4   0x00000056   Code   RO         5964    i.xTaskCreate       tasks.o
    0x08004efa   0x00000002   PAD
    0x08004efc   0x0000001c   Code   RO         5968    i.xTaskGetSchedulerState  tasks.o
    0x08004f18   0x0000000c   Code   RO         5969    i.xTaskGetTickCount  tasks.o
    0x08004f24   0x000000e8   Code   RO         5971    i.xTaskIncrementTick  tasks.o
    0x0800500c   0x000000b4   Code   RO         5974    i.xTaskPriorityDisinherit  tasks.o
    0x080050c0   0x00000098   Code   RO         5975    i.xTaskRemoveFromEventList  tasks.o
    0x08005158   0x000000e4   Code   RO         5977    i.xTaskResumeAll    tasks.o
    0x0800523c   0x00000074   Code   RO         6289    i.xTimerCreate      timers.o
    0x080052b0   0x00000074   Code   RO         6290    i.xTimerCreateTimerTask  timers.o
    0x08005324   0x00000090   Code   RO         6291    i.xTimerGenericCommand  timers.o
    0x080053b4   0x0000002c   Code   RO         6718    locale$$code        c_w.l(lc_numeric_c.o)
    0x080053e0   0x00000062   Code   RO         6611    x$fpl$d2f           fz_wm.l(d2f.o)
    0x08005442   0x00000002   PAD
    0x08005444   0x00000150   Code   RO         6613    x$fpl$dadd          fz_wm.l(daddsub_clz.o)
    0x08005594   0x000002b0   Code   RO         6620    x$fpl$ddiv          fz_wm.l(ddiv.o)
    0x08005844   0x00000026   Code   RO         6623    x$fpl$dfltu         fz_wm.l(dflt_clz.o)
    0x0800586a   0x0000009c   Code   RO         6653    x$fpl$dnaninf       fz_wm.l(dnaninf.o)
    0x08005906   0x0000000c   Code   RO         6655    x$fpl$dretinf       fz_wm.l(dretinf.o)
    0x08005912   0x00000002   PAD
    0x08005914   0x000001d4   Code   RO         6615    x$fpl$dsub          fz_wm.l(daddsub_clz.o)
    0x08005ae8   0x00000056   Code   RO         6631    x$fpl$f2d           fz_wm.l(f2d.o)
    0x08005b3e   0x0000008c   Code   RO         6657    x$fpl$fnaninf       fz_wm.l(fnaninf.o)
    0x08005bca   0x0000000a   Code   RO         6788    x$fpl$fpinit        fz_wm.l(fpinit.o)
    0x08005bd4   0x0000000a   Code   RO         6659    x$fpl$fretinf       fz_wm.l(fretinf.o)
    0x08005bde   0x00000004   Code   RO         6633    x$fpl$printf1       fz_wm.l(printf1.o)
    0x08005be2   0x00000000   Code   RO         6661    x$fpl$usenofp       fz_wm.l(usenofp.o)
    0x08005be2   0x00000002   PAD
    0x08005be4   0x00000094   Data   RO         6689    .constdata          c_w.l(bigflt0.o)
    0x08005c78   0x00000020   Data   RO         6859    Region$$Table       anon$$obj.o
    0x08005c98   0x0000001c   Data   RO         6717    locale$$data        c_w.l(lc_numeric_c.o)


    Execution Region RW_IRAM1 (Base: 0x20000000, Size: 0x00005f60, Max: 0x00020000, ABSOLUTE)

    Base Addr    Size         Type   Attr      Idx    E Section Name        Object

    0x20000000   0x00000034   Data   RW           13    .data               main.o
    0x20000034   0x00000014   Data   RW          357    .data               system_stm32f4xx.o
    0x20000048   0x0000000c   Data   RW          467    .data               yl.o
    0x20000054   0x00000004   Data   RW          581    .data               nvic.o
    0x20000058   0x00000001   Data   RW          744    .data               hc-sr04.o
    0x20000059   0x00000001   PAD
    0x2000005a   0x00000004   Data   RW          813    .data               delay.o
    0x2000005e   0x00000002   PAD
    0x20000060   0x00000004   Data   RW          878    .data               usart.o
    0x20000064   0x00000010   Data   RW         1127    .data               stm32f4xx_rcc.o
    0x20000074   0x0000003c   Data   RW         5980    .data               tasks.o
    0x200000b0   0x00000014   Data   RW         6299    .data               timers.o
    0x200000c4   0x0000000c   Data   RW         6417    .data               port.o
    0x200000d0   0x00000018   Data   RW         6500    .data               heap_4.o
    0x200000e8   0x000000c8   Zero   RW           12    .bss                main.o
    0x200001b0   0x00000400   Zero   RW          580    .bss                nvic.o
    0x200005b0   0x00000040   Zero   RW         5734    .bss                queue.o
    0x200005f0   0x000002e4   Zero   RW         5979    .bss                tasks.o
    0x200008d4   0x00000028   Zero   RW         6298    .bss                timers.o
    0x200008fc   0x00005000   Zero   RW         6499    .bss                heap_4.o
    0x200058fc   0x00000060   Zero   RW         6725    .bss                c_w.l(libspace.o)
    0x2000595c   0x00000004   PAD
    0x20005960   0x00000200   Zero   RW          924    HEAP                startup_stm32f40_41xxx.o
    0x20005b60   0x00000400   Zero   RW          923    STACK               startup_stm32f40_41xxx.o


==============================================================================

Image component sizes


      Code (inc. data)   RO Data    RW Data    ZI Data      Debug   Object Name

       184         14          0          4          0       2517   delay.o
       622         62          0          0          0       4232   dht11.o
         0          0          0          0          0      11748   event_groups.o
       472         42          0          1          0       2399   hc-sr04.o
       164         46          0          0          0       1488   hc_sr501.o
       584        138          0         24      20480       4083   heap_4.o
        64          6          0          0          0        535   led.o
       136          0          0          0          0       3150   list.o
       296         32          0          0          0       2717   lsens.o
      1344        340          0         52        200     316655   main.o
       144         14          0          0          0       2081   misc.o
       172         12          0          0          0       1265   motor.o
        96         16          0          4       1024       1087   nvic.o
      1038        382          0         12          0      10749   port.o
      1868        236          0          0         64      13985   queue.o
       232         22          0          0          0       1674   rgb.o
        64         26        392          0       1536        836   startup_stm32f40_41xxx.o
       286         20          0          0          0       5562   stm32f4xx_adc.o
       174          0          0          0          0       3491   stm32f4xx_gpio.o
        12          0          0          0          0       2657   stm32f4xx_it.o
       264         42          0         16          0       5869   stm32f4xx_rcc.o
       582         52          0          0          0      10033   stm32f4xx_tim.o
       504         42          0          0          0       6348   stm32f4xx_usart.o
       272         36          0         20          0       1737   system_stm32f4xx.o
      3210        812          0         60        740      31664   tasks.o
      1144        260          0         20         40       9902   timers.o
       390         22          0          4          0       4414   usart.o
      1044        448          0          0          0       5548   wifi2.o
       296         36          0         12          0       3136   yl.o

    ----------------------------------------------------------------------
     15684       3158        424        232      24084     471562   Object Totals
         0          0         32          0          0          0   (incl. Generated)
        26          0          0          3          0          0   (incl. Padding)

    ----------------------------------------------------------------------

      Code (inc. data)   RO Data    RW Data    ZI Data      Debug   Library Member Name

         8          0          0          0          0         68   __main.o
       284          0          0          0          0        156   __printf_wp.o
         0          0          0          0          0          0   __rtentry.o
        12          0          0          0          0          0   __rtentry2.o
         6          0          0          0          0          0   __rtentry4.o
        52          8          0          0          0          0   __scatter.o
        26          0          0          0          0          0   __scatter_copy.o
        28          0          0          0          0          0   __scatter_zi.o
        44          0          0          0          0        108   _printf_char.o
        48          6          0          0          0         96   _printf_char_common.o
        36          4          0          0          0         80   _printf_char_file.o
         6          0          0          0          0          0   _printf_d.o
       120         16          0          0          0         92   _printf_dec.o
         6          0          0          0          0          0   _printf_f.o
      1050          0          0          0          0        216   _printf_fp_dec.o
       128         16          0          0          0         84   _printf_fp_infnan.o
       178          0          0          0          0         88   _printf_intcommon.o
         0          0          0          0          0          0   _printf_percent.o
         4          0          0          0          0          0   _printf_percent_end.o
         6          0          0          0          0          0   _printf_s.o
        82          0          0          0          0         80   _printf_str.o
        10          0          0          0          0         68   _sputc.o
        16          0          0          0          0         68   aeabi_memset.o
       220          4        148          0          0         96   bigflt0.o
      1910        128          0          0          0        672   btod.o
        18          0          0          0          0         80   exit.o
         8          0          0          0          0         68   ferror.o
         6          0          0          0          0        152   heapauxi.o
        44         10         28          0          0         76   lc_numeric_c.o
         2          0          0          0          0          0   libinit.o
        22          0          0          0          0          0   libinit2.o
         2          0          0          0          0          0   libshutdown.o
         2          0          0          0          0          0   libshutdown2.o
         8          4          0          0         96         68   libspace.o
       138          0          0          0          0         80   lludiv10.o
        24          4          0          0          0         84   noretval__2printf.o
        40          6          0          0          0         84   noretval__2sprintf.o
         8          4          0          0          0         68   rt_locale_intlibspace.o
        68          0          0          0          0         68   rt_memclr.o
        78          0          0          0          0         80   rt_memclr_w.o
       138          0          0          0          0         68   rt_memcpy_v6.o
       100          0          0          0          0         80   rt_memcpy_w.o
         2          0          0          0          0          0   rtexit.o
        10          0          0          0          0          0   rtexit2.o
        24          0          0          0          0         68   strcat.o
       128          0          0          0          0         68   strcmpv7m.o
        72          0          0          0          0         80   strcpy.o
        36          0          0          0          0         80   strstr.o
        74          0          0          0          0         80   sys_stackheap_outer.o
         2          0          0          0          0         68   use_no_semi.o
         2          0          0          0          0         68   use_no_semi_2.o
        98          4          0          0          0        140   d2f.o
       804         16          0          0          0        368   daddsub_clz.o
       688        140          0          0          0        256   ddiv.o
        38          0          0          0          0        116   dflt_clz.o
       156          4          0          0          0        140   dnaninf.o
        12          0          0          0          0        116   dretinf.o
        86          4          0          0          0        132   f2d.o
       140          4          0          0          0        132   fnaninf.o
        10          0          0          0          0        116   fpinit.o
        10          0          0          0          0        116   fretinf.o
         4          0          0          0          0        116   printf1.o
         0          0          0          0          0          0   usenofp.o
        48          0          0          0          0        124   fpclassify.o

    ----------------------------------------------------------------------
      7448        382        176          0        100       5412   Library Totals
        18          0          0          0          4          0   (incl. Padding)

    ----------------------------------------------------------------------

      Code (inc. data)   RO Data    RW Data    ZI Data      Debug   Library Name

      5336        210        176          0         96       3540   c_w.l
      2046        172          0          0          0       1748   fz_wm.l
        48          0          0          0          0        124   m_wm.l

    ----------------------------------------------------------------------
      7448        382        176          0        100       5412   Library Totals

    ----------------------------------------------------------------------

==============================================================================


      Code (inc. data)   RO Data    RW Data    ZI Data      Debug   

     23132       3540        600        232      24184     457446   Grand Totals
     23132       3540        600        232      24184     457446   ELF Image Totals
     23132       3540        600        232          0          0   ROM Totals

==============================================================================

    Total RO  Size (Code + RO Data)                23732 (  23.18kB)
    Total RW  Size (RW Data + ZI Data)             24416 (  23.84kB)
    Total ROM Size (Code + RO Data + RW Data)      23964 (  23.40kB)

==============================================================================

